
LibreHardwareMonitor Report

--------------------------------------------------------------------------------

Version: 0.9.1.0

--------------------------------------------------------------------------------

Common Language Runtime: 4.0.30319.42000
Operating System: Microsoft Windows NT 6.2.9200.0
Process Type: 32-Bit

--------------------------------------------------------------------------------

Sensors

|
+- Lenovo LNVNB161216 (/motherboard)
|
+- 11th Gen Intel Core i7-1165G7 (/intelcpu/0)
|  +- CPU Core       :  1.04492  1.01489  1.04492 (/intelcpu/0/voltage/0)
|  +- CPU Core #1    :  1.01245  1.01245  1.04492 (/intelcpu/0/voltage/1)
|  +- CPU Core #2    :  1.21741  1.01245  1.21741 (/intelcpu/0/voltage/2)
|  +- CPU Core #3    :   1.1825  1.01245   1.1825 (/intelcpu/0/voltage/3)
|  +- CPU Core #4    :  1.04492  1.01489  1.04492 (/intelcpu/0/voltage/4)
|  +- CPU Package    :  19.7913  19.7913  32.8509 (/intelcpu/0/power/0)
|  +- CPU Cores      :  14.8167  14.8167  28.4029 (/intelcpu/0/power/1)
|  +- CPU Memory     :        0        0        0 (/intelcpu/0/power/3)
|  +- Bus Speed      :  100.114  100.114  100.125 (/intelcpu/0/clock/0)
|  +- CPU Core #1    :  4104.69  4104.69  4105.11 (/intelcpu/0/clock/1)
|  +- CPU Core #2    :  4104.69  4104.69  4105.11 (/intelcpu/0/clock/2)
|  +- CPU Core #3    :  4104.69  4104.69  4105.11 (/intelcpu/0/clock/3)
|  +- CPU Core #4    :  4104.69  4104.69  4105.11 (/intelcpu/0/clock/4)
|  +- CPU Core #1    :       68       68       80 (/intelcpu/0/temperature/0)
|  +- CPU Core #2    :       62       62       74 (/intelcpu/0/temperature/1)
|  +- CPU Core #3    :       65       65       81 (/intelcpu/0/temperature/2)
|  +- CPU Core #4    :       65       65       81 (/intelcpu/0/temperature/3)
|  +- CPU Package    :       68       68       81 (/intelcpu/0/temperature/4)
|  +- CPU Core #1 Distance to TjMax :       32       20       32 (/intelcpu/0/temperature/5)
|  +- CPU Core #2 Distance to TjMax :       38       26       38 (/intelcpu/0/temperature/6)
|  +- CPU Core #3 Distance to TjMax :       35       19       35 (/intelcpu/0/temperature/7)
|  +- CPU Core #4 Distance to TjMax :       35       19       35 (/intelcpu/0/temperature/8)
|  +- Core Max       :       68       68       81 (/intelcpu/0/temperature/9)
|  +- Core Average   :       65       65       79 (/intelcpu/0/temperature/10)
|  +- CPU Total      :  8.55263  8.55263  19.4444 (/intelcpu/0/load/0)
|  +- CPU Core #1 Thread #1 :  18.4211        8  88.8889 (/intelcpu/0/load/1)
|  +- CPU Core #1 Thread #2 :  13.1579  13.1579  66.6667 (/intelcpu/0/load/2)
|  +- CPU Core #2 Thread #1 :  10.5263        0  10.5263 (/intelcpu/0/load/3)
|  +- CPU Core #2 Thread #2 :        0        0        8 (/intelcpu/0/load/4)
|  +- CPU Core #3 Thread #1 :  7.89474        0        8 (/intelcpu/0/load/5)
|  +- CPU Core #3 Thread #2 :  5.26316        0  9.80392 (/intelcpu/0/load/6)
|  +- CPU Core #4 Thread #1 :  7.89474        0        8 (/intelcpu/0/load/7)
|  +- CPU Core #4 Thread #2 :  5.26316        0       22 (/intelcpu/0/load/8)
|
+- Generic Memory (/ram)
|  +- Memory         :  70.6968  70.6968  70.8185 (/ram/load/0)
|  +- Virtual Memory :  52.2223  52.2223  52.2883 (/ram/load/1)
|  +- Memory Used    :  11.1619  11.1619  11.1811 (/ram/data/0)
|  +- Memory Available :   4.6265  4.60729   4.6265 (/ram/data/1)
|  +- Virtual Memory Used :  16.3395  16.3395  16.3602 (/ram/data/2)
|  +- Virtual Memory Available :  14.9489  14.9282  14.9489 (/ram/data/3)
|
+- Intel(R) Iris(R) Xe Graphics (/gpu-intel-integrated/\\?\PCI#VEN_8086&DEV_9A49&SUBSYS_3F9217AA&REV_01#3&11583659&0&10#{1ca05180-a699-450a-9a0c-de4fbe3ddd89})
|  +- GPU Power      : 0.0531923 0.0531923  87.7735 (/gpu-intel-integrated/\\?\PCI#VEN_8086&DEV_9A49&SUBSYS_3F9217AA&REV_01#3&11583659&0&10#{1ca05180-a699-450a-9a0c-de4fbe3ddd89}/power/0)
|  +- D3D 3D         : 3.05993E+06 3.05993E+06 5.50637E+06 (/gpu-intel-integrated/\\?\PCI#VEN_8086&DEV_9A49&SUBSYS_3F9217AA&REV_01#3&11583659&0&10#{1ca05180-a699-450a-9a0c-de4fbe3ddd89}/load/0)
|  +- D3D Shared Memory Used :        0        0        0 (/gpu-intel-integrated/\\?\PCI#VEN_8086&DEV_9A49&SUBSYS_3F9217AA&REV_01#3&11583659&0&10#{1ca05180-a699-450a-9a0c-de4fbe3ddd89}/smalldata/0)
|
+- WDC PC SN730 SDBPNTY-1T00-1101 (/nvme/0)
|  +- Temperature    :       59        0       59 (/nvme/0/temperature/0)
|  +- Used Space     :  74.4851  74.4851  74.4851 (/nvme/0/load/0)
|  +- Write Activity :        0        0 3.68929E-08 (/nvme/0/load/32)
|  +- Total Activity : 0.114574 0.114574      100 (/nvme/0/load/33)
|  +- Available Spare :      100        0      100 (/nvme/0/level/1)
|  +- Available Spare Threshold :       10        0       10 (/nvme/0/level/2)
|  +- Percentage Used :        1        0        1 (/nvme/0/level/3)
|  +- Data Read      :    31486        0    31486 (/nvme/0/data/4)
|  +- Data Written   :    23039        0    23039 (/nvme/0/data/5)
|  +- Read Rate      : 1.40102E+07 1.40102E+07 1.40102E+07 (/nvme/0/throughput/34)
|  +- Write Rate     : 1.99406E+06 1.99406E+06 1.99406E+06 (/nvme/0/throughput/35)
|
+- VMware Network Adapter VMnet8 (/nic/{25ED5CCF-28FD-4D4F-8583-AAE643B55E51})
|  +- Network Utilization :        0        0 1.19016E-05 (/nic/{25ED5CCF-28FD-4D4F-8583-AAE643B55E51}/load/1)
|  +- Data Uploaded  : 3.07336E-07 3.07336E-07 3.07336E-07 (/nic/{25ED5CCF-28FD-4D4F-8583-AAE643B55E51}/data/2)
|  +- Data Downloaded :        0        0        0 (/nic/{25ED5CCF-28FD-4D4F-8583-AAE643B55E51}/data/3)
|  +- Upload Speed   :        0        0  1.48769 (/nic/{25ED5CCF-28FD-4D4F-8583-AAE643B55E51}/throughput/7)
|  +- Download Speed :        0        0        0 (/nic/{25ED5CCF-28FD-4D4F-8583-AAE643B55E51}/throughput/8)
|
+- WLAN (/nic/{BCD5EBE1-91CB-4235-8C5F-AE07AE165A9A})
|  +- Network Utilization :        0        0        0 (/nic/{BCD5EBE1-91CB-4235-8C5F-AE07AE165A9A}/load/1)
|  +- Data Uploaded  :        0        0        0 (/nic/{BCD5EBE1-91CB-4235-8C5F-AE07AE165A9A}/data/2)
|  +- Data Downloaded :        0        0        0 (/nic/{BCD5EBE1-91CB-4235-8C5F-AE07AE165A9A}/data/3)
|  +- Upload Speed   :        0        0        0 (/nic/{BCD5EBE1-91CB-4235-8C5F-AE07AE165A9A}/throughput/7)
|  +- Download Speed :        0        0        0 (/nic/{BCD5EBE1-91CB-4235-8C5F-AE07AE165A9A}/throughput/8)
|
+- 本地连接* 1 (/nic/{69E39188-2B03-4BA8-8644-5530F46CE34B})
|  +- Network Utilization :        0        0        0 (/nic/{69E39188-2B03-4BA8-8644-5530F46CE34B}/load/1)
|  +- Data Uploaded  :        0        0        0 (/nic/{69E39188-2B03-4BA8-8644-5530F46CE34B}/data/2)
|  +- Data Downloaded :        0        0        0 (/nic/{69E39188-2B03-4BA8-8644-5530F46CE34B}/data/3)
|  +- Upload Speed   :        0        0        0 (/nic/{69E39188-2B03-4BA8-8644-5530F46CE34B}/throughput/7)
|  +- Download Speed :        0        0        0 (/nic/{69E39188-2B03-4BA8-8644-5530F46CE34B}/throughput/8)
|
+- 本地连接* 10 (/nic/{C2D2A4A1-69D0-4E44-8EF7-32FF9423E979})
|  +- Network Utilization :        0        0        0 (/nic/{C2D2A4A1-69D0-4E44-8EF7-32FF9423E979}/load/1)
|  +- Data Uploaded  :        0        0        0 (/nic/{C2D2A4A1-69D0-4E44-8EF7-32FF9423E979}/data/2)
|  +- Data Downloaded :        0        0        0 (/nic/{C2D2A4A1-69D0-4E44-8EF7-32FF9423E979}/data/3)
|  +- Upload Speed   :        0        0        0 (/nic/{C2D2A4A1-69D0-4E44-8EF7-32FF9423E979}/throughput/7)
|  +- Download Speed :        0        0        0 (/nic/{C2D2A4A1-69D0-4E44-8EF7-32FF9423E979}/throughput/8)
|
+- 蓝牙网络连接 (/nic/{7B225B97-8427-4B17-B532-5EBFB141C49F})
|  +- Network Utilization :        0        0        0 (/nic/{7B225B97-8427-4B17-B532-5EBFB141C49F}/load/1)
|  +- Data Uploaded  :        0        0        0 (/nic/{7B225B97-8427-4B17-B532-5EBFB141C49F}/data/2)
|  +- Data Downloaded :        0        0        0 (/nic/{7B225B97-8427-4B17-B532-5EBFB141C49F}/data/3)
|  +- Upload Speed   :        0        0        0 (/nic/{7B225B97-8427-4B17-B532-5EBFB141C49F}/throughput/7)
|  +- Download Speed :        0        0        0 (/nic/{7B225B97-8427-4B17-B532-5EBFB141C49F}/throughput/8)
|
+- 以太网 (/nic/{0809BEDA-7225-4D5B-AF38-DF1BACCC709D})
|  +- Network Utilization : 0.00185401 0.00149769 0.00185401 (/nic/{0809BEDA-7225-4D5B-AF38-DF1BACCC709D}/load/1)
|  +- Data Uploaded  : 0.00587919 0.00587919 0.00587919 (/nic/{0809BEDA-7225-4D5B-AF38-DF1BACCC709D}/data/2)
|  +- Data Downloaded : 0.0333997 0.0333994 0.0333997 (/nic/{0809BEDA-7225-4D5B-AF38-DF1BACCC709D}/data/3)
|  +- Upload Speed   :        0        0  322.932 (/nic/{0809BEDA-7225-4D5B-AF38-DF1BACCC709D}/throughput/7)
|  +- Download Speed :  2317.51  1549.18  2317.51 (/nic/{0809BEDA-7225-4D5B-AF38-DF1BACCC709D}/throughput/8)
|
+- 以太网 2 (/nic/{C1B3020B-7D58-4A2E-9C17-9F07AC560938})
|  +- Network Utilization :        0        0        0 (/nic/{C1B3020B-7D58-4A2E-9C17-9F07AC560938}/load/1)
|  +- Data Uploaded  :        0        0        0 (/nic/{C1B3020B-7D58-4A2E-9C17-9F07AC560938}/data/2)
|  +- Data Downloaded :        0        0        0 (/nic/{C1B3020B-7D58-4A2E-9C17-9F07AC560938}/data/3)
|  +- Upload Speed   :        0        0        0 (/nic/{C1B3020B-7D58-4A2E-9C17-9F07AC560938}/throughput/7)
|  +- Download Speed :        0        0        0 (/nic/{C1B3020B-7D58-4A2E-9C17-9F07AC560938}/throughput/8)

--------------------------------------------------------------------------------

Parameters

|
+- Lenovo LNVNB161216 (/motherboard)
|
+- 11th Gen Intel Core i7-1165G7 (/intelcpu/0)
|  |
|  +- CPU Core #1 (/intelcpu/0/temperature/0)
|  |  +- TjMax [°C] : 100 : 100
|  |  +- TSlope [°C] : 1 : 1
|  |
|  +- CPU Core #2 (/intelcpu/0/temperature/1)
|  |  +- TjMax [°C] : 100 : 100
|  |  +- TSlope [°C] : 1 : 1
|  |
|  +- CPU Core #3 (/intelcpu/0/temperature/2)
|  |  +- TjMax [°C] : 100 : 100
|  |  +- TSlope [°C] : 1 : 1
|  |
|  +- CPU Core #4 (/intelcpu/0/temperature/3)
|  |  +- TjMax [°C] : 100 : 100
|  |  +- TSlope [°C] : 1 : 1
|  |
|  +- CPU Package (/intelcpu/0/temperature/4)
|  |  +- TjMax [°C] : 100 : 100
|  |  +- TSlope [°C] : 1 : 1
|
+- Generic Memory (/ram)
|
+- Intel(R) Iris(R) Xe Graphics (/gpu-intel-integrated/\\?\PCI#VEN_8086&DEV_9A49&SUBSYS_3F9217AA&REV_01#3&11583659&0&10#{1ca05180-a699-450a-9a0c-de4fbe3ddd89})
|
+- WDC PC SN730 SDBPNTY-1T00-1101 (/nvme/0)
|
+- VMware Network Adapter VMnet8 (/nic/{25ED5CCF-28FD-4D4F-8583-AAE643B55E51})
|
+- WLAN (/nic/{BCD5EBE1-91CB-4235-8C5F-AE07AE165A9A})
|
+- 本地连接* 1 (/nic/{69E39188-2B03-4BA8-8644-5530F46CE34B})
|
+- 本地连接* 10 (/nic/{C2D2A4A1-69D0-4E44-8EF7-32FF9423E979})
|
+- 蓝牙网络连接 (/nic/{7B225B97-8427-4B17-B532-5EBFB141C49F})
|
+- 以太网 (/nic/{0809BEDA-7225-4D5B-AF38-DF1BACCC709D})
|
+- 以太网 2 (/nic/{C1B3020B-7D58-4A2E-9C17-9F07AC560938})

--------------------------------------------------------------------------------

Motherboard

SMBios Version: 3.3

BIOS Vendor: LENOVO
BIOS Version: F8CN47WW(V2.10)
BIOS Date: 2022/3/27
BIOS Size: 16 MB

System Manufacturer: LENOVO
System Name: 82F8
System Version: ZhaoYang K4e-ITL
System Wakeup: PowerSwitch

Motherboard Manufacturer: LENOVO
Motherboard Name: LNVNB161216
Motherboard Version: No DPK
Motherboard Serial: MP229APE

System Enclosure Type: Notebook
System Enclosure Manufacturer: LENOVO
System Enclosure Version: ZhaoYang K4e-ITL
System Enclosure Serial: MP229APE
System Enclosure Asset Tag: NO Asset Tag
System Enclosure SKU: SKU Number
System Enclosure Boot Up State: Safe
System Enclosure Power Supply State: Safe
System Enclosure Thermal State: Safe
System Enclosure Power Cords: 1
System Enclosure Lock Detected: No
System Enclosure Security Status: None

Processor Manufacturer: Intel(R) Corporation
Processor Type: CentralProcessor
Processor Version: 11th Gen Intel(R) Core(TM) i7-1165G7 @ 2.80GHz
Processor Serial: To Be Filled By O.E.M.
Processor Socket Destignation: U3E1
Processor Socket: Other
Processor Version: 11th Gen Intel(R) Core(TM) i7-1165G7 @ 2.80GHz
Processor Family: IntelCoreI7
Processor Core Count: 4
Processor Core Enabled: 4
Processor Thread Count: 8
Processor External Clock: 100 Mhz
Processor Max Speed: 4700 Mhz
Processor Current Speed: 2800 Mhz

Cache [L1] Size: 192
Cache [L1] Associativity: 12Way

Cache [L1] Size: 128
Cache [L1] Associativity: 8Way

Cache [L2] Size: 5120
Cache [L2] Associativity: Other

Cache [L3] Size: 12288
Cache [L3] Associativity: 12Way

Memory Device [0] Manufacturer: SK Hynix
Memory Device [0] Part Number: HMA81GS6DJR8N-XN
Memory Device [0] Device Locator: Controller0-ChannelA-DIMM0
Memory Device [0] Bank Locator: BANK 0
Memory Device [0] Speed: 3200
Memory Device [0] Size: 8192 MB

Memory Device [1] Manufacturer: Samsung
Memory Device [1] Part Number: M471A1G44AB0-CWE
Memory Device [1] Device Locator: Controller1-ChannelA
Memory Device [1] Bank Locator: BANK 0
Memory Device [1] Speed: 3200
Memory Device [1] Size: 8192 MB

SMBios Table

 AAMDAK8PAAAAGgAAAQIA4AP/gJj5SwAAGgADDQIvAi8QAExFTk9WTwBGOENONDdX
 VyhWMi4xMCkAMDMvMjcvMjAyMgAAARsBAAECAwSwtohs4vfrEYEMfIrhkhERBgUG
 TEVOT1ZPADgyRjgAWmhhb1lhbmcgSzRlLUlUTABNUDIyOUFQRQBMRU5PVk9fTVRf
 ODJGOF9CVV9pZGVhX0ZNX1poYW9ZYW5nIEs0ZS1JVEwAWmhhb1lhbmcgSzRlLUlU
 TAAAAg8CAAECAwQFCQYDAAoATEVOT1ZPAExOVk5CMTYxMjE2AE5vIERQSwBNUDIy
 OUFQRQBOTyBBc3NldCBUYWcAVHlwZTIgLSBCb2FyZCBDaGFzc2lzIExvY2F0aW9u
 AAADFgMAAQoCAwQDAwMDAAAAAAABAAAFTEVOT1ZPAFpoYW9ZYW5nIEs0ZS1JVEwA
 TVAyMjlBUEUATk8gQXNzZXQgVGFnAFNLVSBOdW1iZXIAAAQwBAABA8YCwQYIAP/7
 678Dh2QAXBLwCkEBBgAHAAgABAUGBAQI/ADGAAQABAAIAFUzRTEASW50ZWwoUikg
 Q29ycG9yYXRpb24AMTF0aCBHZW4gSW50ZWwoUikgQ29yZShUTSkgaTctMTE2NUc3
 IEAgMi44MEdIegBUbyBCZSBGaWxsZWQgQnkgTy5FLk0uAFRvIEJlIEZpbGxlZCBC
 eSBPLkUuTS4AVG8gQmUgRmlsbGVkIEJ5IE8uRS5NLgAABxsFAAGAAcAAwAAgACAA
 AAQECQAAAAAAAAAATDEgQ2FjaGUAAAcbBgABgAGAAIAAIAAgAAAEAwcAAAAAAAAA
 AEwxIENhY2hlAAAHGwcAAYEBABQAFCAAIAAABQUBAAAAAAAAAABMMiBDYWNoZQAA
 BxsIAAGCAQAwADAgACAAAAYFCQAAAAAAAAAATDMgQ2FjaGUAAAgJCQABAAIPDUox
 QTEAS2V5Ym9hcmQAAAgJCgABAAIPDkoxQTEATW91c2UAAAgJCwABAAINHEoyQTEA
 VFYgT1VUAAAICQwAAQACBxxKMkEyAENSVAAACAkNAAEAAggJSjJBMgBDT00gMQAA
 CAkOAAEAAhIQSjNBMQBVU0IAAAgJDwABAAISEEozQTEAVVNCAAAICRAAAQACEhBK
 M0ExAFVTQgAACAkRAAEAAhIQSjVBMQBVU0IAAAgJEgABAAISEEo1QTEAVVNCAAAI
 CRMAAQACEhBKNUEyAFVTQgAACAkUAAEAAgsfSjVBMQBOZXR3b3JrAAAICRUAARcC
 AP9KOUcyAE9uQm9hcmQgRmxvcHB5IFR5cGUAAAgJFgABFgIA/0o3SjEAT25Cb2Fy
 ZCBQcmltYXJ5IElERQAACAkXAAEAAh8dSjMwAE1pY3JvcGhvbmUgSW4AAAgJGAAB
 AAIfHUozMABMaW5lIEluAAAICRkAAQACHx1KMzAAU3BlYWtlciBPdXQAAAkTGgAB
 pggEAQEAAAMAAADgCABKNkMxAAAJExsAAaYIAwECAAADAAAA4QgASjZEMgAACRMc
 AAGmCAMBAwAAAwAAAOIIAEo3QzEAAAkTHQABpggDAQQAAAMAAADjCABKN0QxAAAJ
 Ex4AAagKAwEFAAADAAAA5AoASjhDMQAACwUfAAFNb2Rlcm4gUHJlbG9hZAAADAUg
 AANDb25maWdPcHRpb25zMQBDb25maWdPcHRpb25zMgBDb25maWdPcHRpb25zMwAA
 DRYhAAgAAAAAAAAAAAAAAAAAAAAAAWVufFVTfGlzbzg4NTktMSwwAGZyfEZSfGlz
 bzg4NTktMSwwAHpofFRXfHVuaWNvZGUsMABqYXxKUHx1bmljb2RlLDAAaXR8SVR8
 aXNvODg1OS0xLDAAZXN8RVN8aXNvODg1OS0xLDAAZGV8REV8aXNvODg1OS0xLDAA
 cHR8UFR8aXNvODg1OS0xLDAAAA4IIgAB2zwAJE1FSQAADhdEAAHdPQDdPgDdPwDd
 QADdQQDdQgBGaXJtd2FyZSBWZXJzaW9uIEluZm8AAA8dIwAAAAAAACAEAXhWNBIA
 AAAAgAMCBwAIBBYAAAAQFyQAAwMDAAAACP//AgAAAAAAAAAAAAAAEVwlACQA//9A
 AEAAACANAAECGoAAgAwDBAUGAQAAAACADAAAAACwBAMIAACArQAAAAAAAAAAAAAA
 AAAAAAAAAAIAAAAAAAAAAAAAAAAAAAAAAAAAAAAAAAAAAABDb250cm9sbGVyMC1D
 aGFubmVsQS1ESU1NMABCQU5LIDAAU0sgSHluaXgAMzVCM0U0OUMAOTg3NjU0MzIx
 MABITUE4MUdTNkRKUjhOLVhOICAgIAAAEVwmACQA//9AAEAAACALAAECGoAAgAwD
 BAUGAQAAAACADAAAAACwBAMIAACAzgAAAAAAAAAAAAAAAAAAAAAAAAIAAAAAAAAA
 AAAAAAAAAAAAAAAAAAAAAAAAAABDb250cm9sbGVyMS1DaGFubmVsQQBCQU5LIDAA
 U2Ftc3VuZwAwMDAwMDAwMAA5ODc2NTQzMjEwAE00NzFBMUc0NEFCMC1DV0UgICAg
 AAATHycAAAAAAP///wAkAAIAAAAAAAAAAAAAAAAAAAAAAAAUIygAAAAAAP//fwAl
 ACcA/wEBAAAAAAAAAAAAAAAAAAAAAAAAFCMpAAAAAAD//38AAAAnAP8BAQAAAAAA
 AAAAAAAAAAAAAAAAABUHKgAHBAQAABYaKwABAgMEBQcAAAAAAP8AAAAABgAAAAAA
 RmFrZQAtVmlydHVhbCBCYXR0ZXJ5IDAtADA4LzA4LzIwMTAAQmF0dGVyeSAwAENS
 QiBCYXR0ZXJ5IDAATGl0aGl1bVBvbHltZXIAABgFLAAAAAAaGC0AAUIAgACAAIAA
 gACAAIAAAAAAAIBWb2x0YWdlIFByb2JlIERlc2NyaXB0aW9uAAAbDy4ALwBjAAAA
 AAAAIAFDb29saW5nIERldmljZSBEZXNjcmlwdGlvbgAAHBgvAAFCAIAAgACAAIAA
 gACAAAAAAACAVGVtcGVyYXR1cmUgUHJvYmUgRGVzY3JpcHRpb24AACALMAAAAAAA
 AAAAAAAnFjEAAAECAwQFBgdLAKQh////////T0VNIERlZmluZSAwAE9FTSBEZWZp
 bmUgMQBPRU0gRGVmaW5lIDIAT0VNIERlZmluZSAzAE9FTSBEZWZpbmUgNABPRU0g
 RGVmaW5lIDUAT0VNIERlZmluZSA2AAAoETIAAgYOAAUBqgYAAAUCAFBDSUV4cHJl
 c3N4MTYAQ29tcGlsZXIgVmVyc2lvbjogVkMgOS4wAAApCzMAAQMBAAAAEElHRAAA
 Kx80AElOVEMCAAcAWAIAAAAAAQQAAAAAAAAAAAAAAFRQTSBEZXZpY2UAAIAINQBV
 qlWqT2VtIFR5cGUgMTI4IFRlc3QgMQBPZW0gVHlwZSAxMjggVGVzdCAyAACBCDYA
 AQECAUluc3lkZV9BU0ZfMDAxAEluc3lkZV9BU0ZfMDAyAACCFDcAJEFNVAEBAQEB
 pb8CwAABAAAAg0A4ADEAAAAAAAAAAAAAAPgAgqAAAAAAAQAAAAAADwCnBQoAAAAA
 AP4A//8AAAAAAP8AAOYBAAB2UHJvAAAAAAAAhQU5AAFLSE9JSEdJVUNDSEhJSQAA
 iAY6AP//AADIEDsAAQIBJwEUAVCygAEFSWRlYVBhZAA4MkY4UzBDVjAwAADbajwA
 AQQBRQIAkAYBEIkgAAAAAEAAAAAAAAAAAGBAAv//////////////////////////
 /////wMAAACAAAAAAAAAAAAAAAAAAAAAAAAAAAAEAAAAAAAAAAAAAAAAAAAAAAAA
 AAAAAAAATUVJMQBNRUkyAE1FSTMATUVJNAAA3Ro9AAMBAAoAOyAAAgAAAACaAAMA
 //////9SZWZlcmVuY2UgQ29kZSAtIENQVQB1Q29kZSBWZXJzaW9uAFRYVCBBQ00g
 dmVyc2lvbgAA3Ro+AAMBAAoAOyAAAgAAAAAAAAMEDwAKpwVSZWZlcmVuY2UgQ29k
 ZSAtIE1FAE1FQnggdmVyc2lvbgBNRSBGaXJtd2FyZSBWZXJzaW9uAENvbnN1bWVy
 IFNLVQAA3S8/AAYBAAoAOyAAAgP//////wQA////IAAFAP///yAABgACRgAAAAcA
 BAAAAABSZWZlcmVuY2UgQ29kZSAtIFBDSABQQ0gtQ1JJRCBTdGF0dXMARGlzYWJs
 ZWQAUENILUNSSUQgT3JpZ2luYWwgVmFsdWUAUENILUNSSUQgTmV3IFZhbHVlAE9Q
 Uk9NIC0gUlNUIC0gUkFJRABQQ0ggSHNpbyBWZXJzaW9uAADdUkAACwEACgA7IAAC
 AAEADAAAAwAKADsgAAQF//////8GAAAAAAEABwAAAAABAAgA//////8JABEBAQAA
 CgAAAAD2AAsAJAEAAAAMAP//////UmVmZXJlbmNlIENvZGUgLSBTQSAtIFN5c3Rl
 bSBBZ2VudABSZWZlcmVuY2UgQ29kZSAtIE1SQwBTQSAtIFBDSWUgVmVyc2lvbgBT
 QS1DUklEIFN0YXR1cwBEaXNhYmxlZABTQS1DUklEIE9yaWdpbmFsIFZhbHVlAFNB
 LUNSSUQgTmV3IFZhbHVlAE9QUk9NIC0gVkJJT1MASU8gTWFuYWdlYWJpbGl0eSBF
 bmdpbmUgRlcgVmVyc2lvbgBQSFkgQnVpbGQgVmVyc2lvbgBUaHVuZGVyYm9sdChU
 TSkgRlcgVmVyc2lvbgBTeXN0ZW0gQWdlbnQgTWFuYWdlYWJpbGl0eSBFbmdpbmUg
 RlcgVmVyc2lvbgAA3QxBAAEBAAQAAAAARlNQIEJpbmFyeSBWZXJzaW9uAADdWUIA
 DAEA//////8CAP//////AwT//////wUG//////8HCP//////CQAAAAAAAAoA////
 //8LAAIvAAAADAAAFwBFEA0A//////8OAAAHAwAADwAAAgAPAExhbiBQaHkgVmVy
 c2lvbgBTZW5zb3IgRmlybXdhcmUgVmVyc2lvbgBEZWJ1ZyBNb2RlIFN0YXR1cwBE
 aXNhYmxlZABQZXJmb3JtYW5jZSBNb2RlIFN0YXR1cwBEaXNhYmxlZABEZWJ1ZyBV
 c2UgVVNCKERpc2FibGVkOlNlcmlhbCkARGlzYWJsZWQASUNDIE92ZXJjbG9ja2lu
 ZyBWZXJzaW9uAFVOREkgVmVyc2lvbgBFQyBGVyBWZXJzaW9uAEdPUCBWZXJzaW9u
 AFJveWFsIFBhcmsgVmVyc2lvbgBQbGF0Zm9ybSBWZXJzaW9uAENsaWVudCBTaWxp
 Y29uIFZlcnNpb24AAPgSQwCsrKoXAAALAAAAAAAAAAAAfwT//gAA

--------------------------------------------------------------------------------

CPUID

Processor 0

Processor Vendor: Intel
Processor Brand: 11th Gen Intel(R) Core(TM) i7-1165G7 @ 2.80GHz
Family: 0x6
Model: 0x8C
Stepping: 0x1

CPUID Return Values

 CPU Group: 0
 CPU Thread: 0
 APIC ID: 0
 Processor ID: 0
 Core ID: 0
 Thread ID: 0

 Function  EAX       EBX       ECX       EDX
 00000000  0000001B  756E6547  6C65746E  49656E69
 00000001  000806C1  00100800  FFFAF38F  BFEBFBFF
 00000002  00FEFF01  000000F0  00000000  00000000
 00000003  00000000  00000000  00000000  00000000
 00000004  1C004121  02C0003F  0000003F  00000000
 00000005  00000040  00000040  00000003  00021020
 00000006  00178FF3  00000002  00000009  00000000
 00000007  00000001  F3BFA7A9  18405FC6  BC100510
 00000008  00000000  00000000  00000000  00000000
 00000009  00000000  00000000  00000000  00000000
 0000000A  08300805  00000000  0000000F  00008604
 0000000B  00000001  00000002  00000100  00000000
 0000000C  00000000  00000000  00000000  00000000
 0000000D  000000E7  00000A80  00000A80  00000000
 0000000E  00000000  00000000  00000000  00000000
 0000000F  00000000  00000000  00000000  00000000
 00000010  00000000  00000000  00000000  00000000
 00000011  00000000  00000000  00000000  00000000
 00000012  00000000  00000000  00000000  00000000
 00000013  00000000  00000000  00000000  00000000
 00000014  00000001  0000004F  00000007  00000000
 00000015  00000002  00000092  0249F000  00000000
 00000016  00000000  00000000  00000000  00000000
 00000017  00000000  00000000  00000000  00000000
 00000018  00000000  00000000  00000000  00000000
 00000019  00000000  00000000  00000000  00000000
 0000001A  00000000  00000000  00000000  00000000
 0000001B  00000000  00000000  00000000  00000000
 80000000  80000008  00000000  00000000  00000000
 80000001  00000000  00000000  00000121  2C100800
 80000002  68743131  6E654720  746E4920  52286C65
 80000003  6F432029  54286572  6920294D  31312D37
 80000004  37473536  32204020  4730382E  00007A48
 80000005  00000000  00000000  00000000  00000000
 80000006  00000000  00000000  01007040  00000000
 80000007  00000000  00000000  00000000  00000100
 80000008  00003027  00000000  00000000  00000000

 CPU Group: 0
 CPU Thread: 1
 APIC ID: 1
 Processor ID: 0
 Core ID: 0
 Thread ID: 1

 Function  EAX       EBX       ECX       EDX
 00000000  0000001B  756E6547  6C65746E  49656E69
 00000001  000806C1  01100800  FFFAF38F  BFEBFBFF
 00000002  00FEFF01  000000F0  00000000  00000000
 00000003  00000000  00000000  00000000  00000000
 00000004  1C004121  02C0003F  0000003F  00000000
 00000005  00000040  00000040  00000003  00021020
 00000006  00178FF3  00000002  00000009  00000000
 00000007  00000001  F3BFA7A9  18405FC6  BC100510
 00000008  00000000  00000000  00000000  00000000
 00000009  00000000  00000000  00000000  00000000
 0000000A  08300805  00000000  0000000F  00008604
 0000000B  00000001  00000002  00000100  00000001
 0000000C  00000000  00000000  00000000  00000000
 0000000D  000000E7  00000A80  00000A80  00000000
 0000000E  00000000  00000000  00000000  00000000
 0000000F  00000000  00000000  00000000  00000000
 00000010  00000000  00000000  00000000  00000000
 00000011  00000000  00000000  00000000  00000000
 00000012  00000000  00000000  00000000  00000000
 00000013  00000000  00000000  00000000  00000000
 00000014  00000001  0000004F  00000007  00000000
 00000015  00000002  00000092  0249F000  00000000
 00000016  00000000  00000000  00000000  00000000
 00000017  00000000  00000000  00000000  00000000
 00000018  00000000  00000000  00000000  00000000
 00000019  00000000  00000000  00000000  00000000
 0000001A  00000000  00000000  00000000  00000000
 0000001B  00000000  00000000  00000000  00000000
 80000000  80000008  00000000  00000000  00000000
 80000001  00000000  00000000  00000121  2C100800
 80000002  68743131  6E654720  746E4920  52286C65
 80000003  6F432029  54286572  6920294D  31312D37
 80000004  37473536  32204020  4730382E  00007A48
 80000005  00000000  00000000  00000000  00000000
 80000006  00000000  00000000  01007040  00000000
 80000007  00000000  00000000  00000000  00000100
 80000008  00003027  00000000  00000000  00000000

 CPU Group: 0
 CPU Thread: 2
 APIC ID: 2
 Processor ID: 0
 Core ID: 1
 Thread ID: 0

 Function  EAX       EBX       ECX       EDX
 00000000  0000001B  756E6547  6C65746E  49656E69
 00000001  000806C1  02100800  FFFAF38F  BFEBFBFF
 00000002  00FEFF01  000000F0  00000000  00000000
 00000003  00000000  00000000  00000000  00000000
 00000004  1C004121  02C0003F  0000003F  00000000
 00000005  00000040  00000040  00000003  00021020
 00000006  00178FF3  00000002  00000009  00000000
 00000007  00000001  F3BFA7A9  18405FC6  BC100510
 00000008  00000000  00000000  00000000  00000000
 00000009  00000000  00000000  00000000  00000000
 0000000A  08300805  00000000  0000000F  00008604
 0000000B  00000001  00000002  00000100  00000002
 0000000C  00000000  00000000  00000000  00000000
 0000000D  000000E7  00000A80  00000A80  00000000
 0000000E  00000000  00000000  00000000  00000000
 0000000F  00000000  00000000  00000000  00000000
 00000010  00000000  00000000  00000000  00000000
 00000011  00000000  00000000  00000000  00000000
 00000012  00000000  00000000  00000000  00000000
 00000013  00000000  00000000  00000000  00000000
 00000014  00000001  0000004F  00000007  00000000
 00000015  00000002  00000092  0249F000  00000000
 00000016  00000000  00000000  00000000  00000000
 00000017  00000000  00000000  00000000  00000000
 00000018  00000000  00000000  00000000  00000000
 00000019  00000000  00000000  00000000  00000000
 0000001A  00000000  00000000  00000000  00000000
 0000001B  00000000  00000000  00000000  00000000
 80000000  80000008  00000000  00000000  00000000
 80000001  00000000  00000000  00000121  2C100800
 80000002  68743131  6E654720  746E4920  52286C65
 80000003  6F432029  54286572  6920294D  31312D37
 80000004  37473536  32204020  4730382E  00007A48
 80000005  00000000  00000000  00000000  00000000
 80000006  00000000  00000000  01007040  00000000
 80000007  00000000  00000000  00000000  00000100
 80000008  00003027  00000000  00000000  00000000

 CPU Group: 0
 CPU Thread: 3
 APIC ID: 3
 Processor ID: 0
 Core ID: 1
 Thread ID: 1

 Function  EAX       EBX       ECX       EDX
 00000000  0000001B  756E6547  6C65746E  49656E69
 00000001  000806C1  03100800  FFFAF38F  BFEBFBFF
 00000002  00FEFF01  000000F0  00000000  00000000
 00000003  00000000  00000000  00000000  00000000
 00000004  1C004121  02C0003F  0000003F  00000000
 00000005  00000040  00000040  00000003  00021020
 00000006  00178FF3  00000002  00000009  00000000
 00000007  00000001  F3BFA7A9  18405FC6  BC100510
 00000008  00000000  00000000  00000000  00000000
 00000009  00000000  00000000  00000000  00000000
 0000000A  08300805  00000000  0000000F  00008604
 0000000B  00000001  00000002  00000100  00000003
 0000000C  00000000  00000000  00000000  00000000
 0000000D  000000E7  00000A80  00000A80  00000000
 0000000E  00000000  00000000  00000000  00000000
 0000000F  00000000  00000000  00000000  00000000
 00000010  00000000  00000000  00000000  00000000
 00000011  00000000  00000000  00000000  00000000
 00000012  00000000  00000000  00000000  00000000
 00000013  00000000  00000000  00000000  00000000
 00000014  00000001  0000004F  00000007  00000000
 00000015  00000002  00000092  0249F000  00000000
 00000016  00000000  00000000  00000000  00000000
 00000017  00000000  00000000  00000000  00000000
 00000018  00000000  00000000  00000000  00000000
 00000019  00000000  00000000  00000000  00000000
 0000001A  00000000  00000000  00000000  00000000
 0000001B  00000000  00000000  00000000  00000000
 80000000  80000008  00000000  00000000  00000000
 80000001  00000000  00000000  00000121  2C100800
 80000002  68743131  6E654720  746E4920  52286C65
 80000003  6F432029  54286572  6920294D  31312D37
 80000004  37473536  32204020  4730382E  00007A48
 80000005  00000000  00000000  00000000  00000000
 80000006  00000000  00000000  01007040  00000000
 80000007  00000000  00000000  00000000  00000100
 80000008  00003027  00000000  00000000  00000000

 CPU Group: 0
 CPU Thread: 4
 APIC ID: 4
 Processor ID: 0
 Core ID: 2
 Thread ID: 0

 Function  EAX       EBX       ECX       EDX
 00000000  0000001B  756E6547  6C65746E  49656E69
 00000001  000806C1  04100800  FFFAF38F  BFEBFBFF
 00000002  00FEFF01  000000F0  00000000  00000000
 00000003  00000000  00000000  00000000  00000000
 00000004  1C004121  02C0003F  0000003F  00000000
 00000005  00000040  00000040  00000003  00021020
 00000006  00178FF3  00000002  00000009  00000000
 00000007  00000001  F3BFA7A9  18405FC6  BC100510
 00000008  00000000  00000000  00000000  00000000
 00000009  00000000  00000000  00000000  00000000
 0000000A  08300805  00000000  0000000F  00008604
 0000000B  00000001  00000002  00000100  00000004
 0000000C  00000000  00000000  00000000  00000000
 0000000D  000000E7  00000A80  00000A80  00000000
 0000000E  00000000  00000000  00000000  00000000
 0000000F  00000000  00000000  00000000  00000000
 00000010  00000000  00000000  00000000  00000000
 00000011  00000000  00000000  00000000  00000000
 00000012  00000000  00000000  00000000  00000000
 00000013  00000000  00000000  00000000  00000000
 00000014  00000001  0000004F  00000007  00000000
 00000015  00000002  00000092  0249F000  00000000
 00000016  00000000  00000000  00000000  00000000
 00000017  00000000  00000000  00000000  00000000
 00000018  00000000  00000000  00000000  00000000
 00000019  00000000  00000000  00000000  00000000
 0000001A  00000000  00000000  00000000  00000000
 0000001B  00000000  00000000  00000000  00000000
 80000000  80000008  00000000  00000000  00000000
 80000001  00000000  00000000  00000121  2C100800
 80000002  68743131  6E654720  746E4920  52286C65
 80000003  6F432029  54286572  6920294D  31312D37
 80000004  37473536  32204020  4730382E  00007A48
 80000005  00000000  00000000  00000000  00000000
 80000006  00000000  00000000  01007040  00000000
 80000007  00000000  00000000  00000000  00000100
 80000008  00003027  00000000  00000000  00000000

 CPU Group: 0
 CPU Thread: 5
 APIC ID: 5
 Processor ID: 0
 Core ID: 2
 Thread ID: 1

 Function  EAX       EBX       ECX       EDX
 00000000  0000001B  756E6547  6C65746E  49656E69
 00000001  000806C1  05100800  FFFAF38F  BFEBFBFF
 00000002  00FEFF01  000000F0  00000000  00000000
 00000003  00000000  00000000  00000000  00000000
 00000004  1C004121  02C0003F  0000003F  00000000
 00000005  00000040  00000040  00000003  00021020
 00000006  00178FF3  00000002  00000009  00000000
 00000007  00000001  F3BFA7A9  18405FC6  BC100510
 00000008  00000000  00000000  00000000  00000000
 00000009  00000000  00000000  00000000  00000000
 0000000A  08300805  00000000  0000000F  00008604
 0000000B  00000001  00000002  00000100  00000005
 0000000C  00000000  00000000  00000000  00000000
 0000000D  000000E7  00000A80  00000A80  00000000
 0000000E  00000000  00000000  00000000  00000000
 0000000F  00000000  00000000  00000000  00000000
 00000010  00000000  00000000  00000000  00000000
 00000011  00000000  00000000  00000000  00000000
 00000012  00000000  00000000  00000000  00000000
 00000013  00000000  00000000  00000000  00000000
 00000014  00000001  0000004F  00000007  00000000
 00000015  00000002  00000092  0249F000  00000000
 00000016  00000000  00000000  00000000  00000000
 00000017  00000000  00000000  00000000  00000000
 00000018  00000000  00000000  00000000  00000000
 00000019  00000000  00000000  00000000  00000000
 0000001A  00000000  00000000  00000000  00000000
 0000001B  00000000  00000000  00000000  00000000
 80000000  80000008  00000000  00000000  00000000
 80000001  00000000  00000000  00000121  2C100800
 80000002  68743131  6E654720  746E4920  52286C65
 80000003  6F432029  54286572  6920294D  31312D37
 80000004  37473536  32204020  4730382E  00007A48
 80000005  00000000  00000000  00000000  00000000
 80000006  00000000  00000000  01007040  00000000
 80000007  00000000  00000000  00000000  00000100
 80000008  00003027  00000000  00000000  00000000

 CPU Group: 0
 CPU Thread: 6
 APIC ID: 6
 Processor ID: 0
 Core ID: 3
 Thread ID: 0

 Function  EAX       EBX       ECX       EDX
 00000000  0000001B  756E6547  6C65746E  49656E69
 00000001  000806C1  06100800  FFFAF38F  BFEBFBFF
 00000002  00FEFF01  000000F0  00000000  00000000
 00000003  00000000  00000000  00000000  00000000
 00000004  1C004121  02C0003F  0000003F  00000000
 00000005  00000040  00000040  00000003  00021020
 00000006  00178FF3  00000002  00000009  00000000
 00000007  00000001  F3BFA7A9  18405FC6  BC100510
 00000008  00000000  00000000  00000000  00000000
 00000009  00000000  00000000  00000000  00000000
 0000000A  08300805  00000000  0000000F  00008604
 0000000B  00000001  00000002  00000100  00000006
 0000000C  00000000  00000000  00000000  00000000
 0000000D  000000E7  00000A80  00000A80  00000000
 0000000E  00000000  00000000  00000000  00000000
 0000000F  00000000  00000000  00000000  00000000
 00000010  00000000  00000000  00000000  00000000
 00000011  00000000  00000000  00000000  00000000
 00000012  00000000  00000000  00000000  00000000
 00000013  00000000  00000000  00000000  00000000
 00000014  00000001  0000004F  00000007  00000000
 00000015  00000002  00000092  0249F000  00000000
 00000016  00000000  00000000  00000000  00000000
 00000017  00000000  00000000  00000000  00000000
 00000018  00000000  00000000  00000000  00000000
 00000019  00000000  00000000  00000000  00000000
 0000001A  00000000  00000000  00000000  00000000
 0000001B  00000000  00000000  00000000  00000000
 80000000  80000008  00000000  00000000  00000000
 80000001  00000000  00000000  00000121  2C100800
 80000002  68743131  6E654720  746E4920  52286C65
 80000003  6F432029  54286572  6920294D  31312D37
 80000004  37473536  32204020  4730382E  00007A48
 80000005  00000000  00000000  00000000  00000000
 80000006  00000000  00000000  01007040  00000000
 80000007  00000000  00000000  00000000  00000100
 80000008  00003027  00000000  00000000  00000000

 CPU Group: 0
 CPU Thread: 7
 APIC ID: 7
 Processor ID: 0
 Core ID: 3
 Thread ID: 1

 Function  EAX       EBX       ECX       EDX
 00000000  0000001B  756E6547  6C65746E  49656E69
 00000001  000806C1  07100800  FFFAF38F  BFEBFBFF
 00000002  00FEFF01  000000F0  00000000  00000000
 00000003  00000000  00000000  00000000  00000000
 00000004  1C004121  02C0003F  0000003F  00000000
 00000005  00000040  00000040  00000003  00021020
 00000006  00178FF3  00000002  00000009  00000000
 00000007  00000001  F3BFA7A9  18405FC6  BC100510
 00000008  00000000  00000000  00000000  00000000
 00000009  00000000  00000000  00000000  00000000
 0000000A  08300805  00000000  0000000F  00008604
 0000000B  00000001  00000002  00000100  00000007
 0000000C  00000000  00000000  00000000  00000000
 0000000D  000000E7  00000A80  00000A80  00000000
 0000000E  00000000  00000000  00000000  00000000
 0000000F  00000000  00000000  00000000  00000000
 00000010  00000000  00000000  00000000  00000000
 00000011  00000000  00000000  00000000  00000000
 00000012  00000000  00000000  00000000  00000000
 00000013  00000000  00000000  00000000  00000000
 00000014  00000001  0000004F  00000007  00000000
 00000015  00000002  00000092  0249F000  00000000
 00000016  00000000  00000000  00000000  00000000
 00000017  00000000  00000000  00000000  00000000
 00000018  00000000  00000000  00000000  00000000
 00000019  00000000  00000000  00000000  00000000
 0000001A  00000000  00000000  00000000  00000000
 0000001B  00000000  00000000  00000000  00000000
 80000000  80000008  00000000  00000000  00000000
 80000001  00000000  00000000  00000121  2C100800
 80000002  68743131  6E654720  746E4920  52286C65
 80000003  6F432029  54286572  6920294D  31312D37
 80000004  37473536  32204020  4730382E  00007A48
 80000005  00000000  00000000  00000000  00000000
 80000006  00000000  00000000  01007040  00000000
 80000007  00000000  00000000  00000000  00000100
 80000008  00003027  00000000  00000000  00000000

--------------------------------------------------------------------------------

Intel CPU

Name: 11th Gen Intel Core i7-1165G7
Number of Cores: 4
Threads per Core: 2
Timer Frequency: 10 MHz
Time Stamp Counter: Invariant
Estimated Time Stamp Counter Frequency: 2803.49 MHz
Estimated Time Stamp Counter Frequency Error: 0.4037 Mhz
Time Stamp Counter Frequency: 2803.2 MHz

MSR Core #1

 MSR       EDX       EAX
 000000CE  0004043D  F0811C00
 00000198  000026E1  00002F00
 0000019C  00000000  881E8A82
 000001A2  00000000  86640022
 000001B1  00000000  881E0A82
 00000606  00000000  000A0E03
 00000611  00000000  09A7F699
 00000619  00000000  00000000
 00000639  00000000  065DF63D
 00000641  00000000  001A37AA

MSR Core #2

 MSR       EDX       EAX
 000000CE  0004043D  F0811C00
 00000198  000026F5  00002F00
 0000019C  00000000  882A8A82
 000001A2  00000000  86640022
 000001B1  00000000  881E0A82
 00000606  00000000  000A0E03
 00000611  00000000  09A7F699
 00000619  00000000  00000000
 00000639  00000000  065DF63D
 00000641  00000000  001A37AA

MSR Core #3

 MSR       EDX       EAX
 000000CE  0004043D  F0811C00
 00000198  000026B8  00002F00
 0000019C  00000000  88288A82
 000001A2  00000000  86640022
 000001B1  00000000  881E0A82
 00000606  00000000  000A0E03
 00000611  00000000  09A7F699
 00000619  00000000  00000000
 00000639  00000000  065DF63D
 00000641  00000000  001A37AA

MSR Core #4

 MSR       EDX       EAX
 000000CE  0004043D  F0811C00
 00000198  0000270A  00002F00
 0000019C  00000000  882A8A82
 000001A2  00000000  86640022
 000001B1  00000000  881E0A82
 00000606  00000000  000A0E03
 00000611  00000000  09A7F699
 00000619  00000000  00000000
 00000639  00000000  065DF63D
 00000641  00000000  001A37AA

MicroArchitecture: TigerLake
Time Stamp Counter Multiplier: 28

--------------------------------------------------------------------------------

AMD Display Library

Status: ADL_ERR

--------------------------------------------------------------------------------

Intel GPU (D3D)

Number of adapters: 3

AdapterIndex: 0
DeviceId: \\?\ROOT#BasicRender#0000#{1ca05180-a699-450a-9a0c-de4fbe3ddd89}
IsIntel: False

AdapterIndex: 1
DeviceId: \\?\PCI#VEN_10DE&DEV_1F97&SUBSYS_3F9217AA&REV_A1#4&15ec8471&0&00E0#{1ca05180-a699-450a-9a0c-de4fbe3ddd89}
IsIntel: False

AdapterIndex: 2
DeviceId: \\?\PCI#VEN_8086&DEV_9A49&SUBSYS_3F9217AA&REV_01#3&11583659&0&10#{1ca05180-a699-450a-9a0c-de4fbe3ddd89}
IsIntel: True
GpuSharedLimit: 8476323840
GpuSharedUsed: 0
GpuSharedMax: 0
GpuDedicatedLimit: 0
GpuDedicatedUsed: 0
GpuDedicatedMax: 0
Integrated: True

--------------------------------------------------------------------------------

FTD2XX

Status: missing DLL

--------------------------------------------------------------------------------

AquaComputer Hardware

No AquaComputer Hardware found.

--------------------------------------------------------------------------------

AeroCool Hardware

No AeroCool Hardware found.

--------------------------------------------------------------------------------

Nzxt Hardware

No Nzxt Hardware found.

--------------------------------------------------------------------------------

Storage

Drive Name: WDC PC SN730 SDBPNTY-1T00-1101
Firmware Version: 11170001

PCI Vendor ID: 0x15b7
IEEE OUI Identifier: 0x001b44
Total NVM Capacity: 1024209543168
Unallocated NVM Capacity: 0
Controller ID: 8215
Number of Namespaces: 1
Critical Warning: -
Temperature: 59 Celsius
Available Spare: 100%
Available Spare Threshold: 10%
Percentage Used: 1%
Data Units Read: 61497057
Data Units Written: 44998583
Host Read Commands: 1131442036
Host Write Commands: 645814373
Controller Busy Time: 2040
Power Cycles: 158
Power On Hours: 6008
Unsafe Shutdowns: 30
Media Errors: 0
Number of Error Information Log Entries: 1
Warning Composite Temperature Time: 0
Critical Composite Temperature Time: 0
Logical Drive Name: C:\
Format: NTFS
Total Size: 1022623821824
Total Free Space: 260921696256

--------------------------------------------------------------------------------

VMware Virtual Ethernet Adapter for VMnet8
Up

Data Uploaded
3.073364E-07

Data Downloaded
0

Upload Speed
0

Download Speed
0

Network Utilization
0

Intel(R) Wi-Fi 6 AX201 160MHz
Down

Data Uploaded
0

Data Downloaded
0

Upload Speed
0

Download Speed
0

Network Utilization
0

Microsoft Wi-Fi Direct Virtual Adapter
Down

Data Uploaded
0

Data Downloaded
0

Upload Speed
0

Download Speed
0

Network Utilization
0

Microsoft Wi-Fi Direct Virtual Adapter #2
Down

Data Uploaded
0

Data Downloaded
0

Upload Speed
0

Download Speed
0

Network Utilization
0

Bluetooth Device (Personal Area Network)
Down

Data Uploaded
0

Data Downloaded
0

Upload Speed
0

Download Speed
0

Network Utilization
0

Realtek PCIe GbE Family Controller
Up

Data Uploaded
0.005879188

Data Downloaded
0.03339968

Upload Speed
0

Download Speed
2317.508

Network Utilization
0.001854006

Sangfor SSL VPN CS Support System VNIC
Down

Data Uploaded
0

Data Downloaded
0

Upload Speed
0

Download Speed
0

Network Utilization
0

--------------------------------------------------------------------------------

Corsair HXi/RMi series PSU Hardware


LibreHardwareMonitor Report

--------------------------------------------------------------------------------

Version: 0.9.1.0

--------------------------------------------------------------------------------

Common Language Runtime: 4.0.30319.42000
Operating System: Microsoft Windows NT 6.2.9200.0
Process Type: 32-Bit

--------------------------------------------------------------------------------

Sensors

|
+- Lenovo LNVNB161216 (/motherboard)
|
+- 11th Gen Intel Core i7-1165G7 (/intelcpu/0)
|  +- CPU Core       : 0.917481 0.917481 0.917481 (/intelcpu/0/voltage/0)
|  +- CPU Core #1    : 0.912476 0.912476 0.912476 (/intelcpu/0/voltage/1)
|  +- CPU Core #2    : 0.872437 0.872437 0.872437 (/intelcpu/0/voltage/2)
|  +- CPU Core #3    : 0.914917 0.914917 0.914917 (/intelcpu/0/voltage/3)
|  +- CPU Core #4    : 0.914917 0.914917 0.914917 (/intelcpu/0/voltage/4)
|  +- CPU Package    :  27.2355  27.2355  27.2355 (/intelcpu/0/power/0)
|  +- CPU Cores      :  22.4928  22.4928  22.4928 (/intelcpu/0/power/1)
|  +- CPU Memory     :        0        0        0 (/intelcpu/0/power/3)
|  +- Bus Speed      :  100.124  100.124  100.124 (/intelcpu/0/clock/0)
|  +- CPU Core #1    :  4105.08  4105.08  4105.08 (/intelcpu/0/clock/1)
|  +- CPU Core #2    :  4105.08  4105.08  4105.08 (/intelcpu/0/clock/2)
|  +- CPU Core #3    :  3604.46  3604.46  3604.46 (/intelcpu/0/clock/3)
|  +- CPU Core #4    :  3604.46  3604.46  3604.46 (/intelcpu/0/clock/4)
|  +- CPU Core #1    :       85       85       85 (/intelcpu/0/temperature/0)
|  +- CPU Core #2    :       73       73       73 (/intelcpu/0/temperature/1)
|  +- CPU Core #3    :       88       88       88 (/intelcpu/0/temperature/2)
|  +- CPU Core #4    :       82       82       82 (/intelcpu/0/temperature/3)
|  +- CPU Package    :       88       88       88 (/intelcpu/0/temperature/4)
|  +- CPU Core #1 Distance to TjMax :       15       15       15 (/intelcpu/0/temperature/5)
|  +- CPU Core #2 Distance to TjMax :       27       27       27 (/intelcpu/0/temperature/6)
|  +- CPU Core #3 Distance to TjMax :       12       12       12 (/intelcpu/0/temperature/7)
|  +- CPU Core #4 Distance to TjMax :       18       18       18 (/intelcpu/0/temperature/8)
|  +- Core Max       :       88       88       88 (/intelcpu/0/temperature/9)
|  +- Core Average   :       82       82       82 (/intelcpu/0/temperature/10)
|  +- CPU Total      :  18.1944  18.1944  18.1944 (/intelcpu/0/load/0)
|  +- CPU Core #1 Thread #1 :       90       90       90 (/intelcpu/0/load/1)
|  +- CPU Core #1 Thread #2 :        0        0        0 (/intelcpu/0/load/2)
|  +- CPU Core #2 Thread #1 :        0        0        0 (/intelcpu/0/load/3)
|  +- CPU Core #2 Thread #2 :        0        0        0 (/intelcpu/0/load/4)
|  +- CPU Core #3 Thread #1 :        0        0        0 (/intelcpu/0/load/5)
|  +- CPU Core #3 Thread #2 :  11.1111  11.1111  11.1111 (/intelcpu/0/load/6)
|  +- CPU Core #4 Thread #1 :        0        0        0 (/intelcpu/0/load/7)
|  +- CPU Core #4 Thread #2 :  44.4444  44.4444  44.4444 (/intelcpu/0/load/8)
|
+- Generic Memory (/ram)
|  +- Memory         :                            (/ram/load/0)
|  +- Virtual Memory :                            (/ram/load/1)
|  +- Memory Used    :                            (/ram/data/0)
|  +- Memory Available :                            (/ram/data/1)
|  +- Virtual Memory Used :                            (/ram/data/2)
|  +- Virtual Memory Available :                            (/ram/data/3)
|
+- Intel(R) Iris(R) Xe Graphics (/gpu-intel-integrated/\\?\PCI#VEN_8086&DEV_9A49&SUBSYS_3F9217AA&REV_01#3&11583659&0&10#{1ca05180-a699-450a-9a0c-de4fbe3ddd89})
|  +- GPU Power      :                            (/gpu-intel-integrated/\\?\PCI#VEN_8086&DEV_9A49&SUBSYS_3F9217AA&REV_01#3&11583659&0&10#{1ca05180-a699-450a-9a0c-de4fbe3ddd89}/power/0)
|
+- WDC PC SN730 SDBPNTY-1T00-1101 (/nvme/0)
|  +- Temperature    :        0        0        0 (/nvme/0/temperature/0)
|  +- Used Space     :                            (/nvme/0/load/0)
|  +- Write Activity :                            (/nvme/0/load/32)
|  +- Total Activity :                            (/nvme/0/load/33)
|  +- Available Spare :        0        0        0 (/nvme/0/level/1)
|  +- Available Spare Threshold :        0        0        0 (/nvme/0/level/2)
|  +- Percentage Used :        0        0        0 (/nvme/0/level/3)
|  +- Data Read      :        0        0        0 (/nvme/0/data/4)
|  +- Data Written   :        0        0        0 (/nvme/0/data/5)
|  +- Read Rate      :                            (/nvme/0/throughput/34)
|  +- Write Rate     :                            (/nvme/0/throughput/35)
|
+- VMware Network Adapter VMnet8 (/nic/{25ED5CCF-28FD-4D4F-8583-AAE643B55E51})
|  +- Network Utilization :                            (/nic/{25ED5CCF-28FD-4D4F-8583-AAE643B55E51}/load/1)
|  +- Data Uploaded  :                            (/nic/{25ED5CCF-28FD-4D4F-8583-AAE643B55E51}/data/2)
|  +- Data Downloaded :                            (/nic/{25ED5CCF-28FD-4D4F-8583-AAE643B55E51}/data/3)
|  +- Upload Speed   :                            (/nic/{25ED5CCF-28FD-4D4F-8583-AAE643B55E51}/throughput/7)
|  +- Download Speed :                            (/nic/{25ED5CCF-28FD-4D4F-8583-AAE643B55E51}/throughput/8)
|
+- WLAN (/nic/{BCD5EBE1-91CB-4235-8C5F-AE07AE165A9A})
|  +- Network Utilization :                            (/nic/{BCD5EBE1-91CB-4235-8C5F-AE07AE165A9A}/load/1)
|  +- Data Uploaded  :                            (/nic/{BCD5EBE1-91CB-4235-8C5F-AE07AE165A9A}/data/2)
|  +- Data Downloaded :                            (/nic/{BCD5EBE1-91CB-4235-8C5F-AE07AE165A9A}/data/3)
|  +- Upload Speed   :                            (/nic/{BCD5EBE1-91CB-4235-8C5F-AE07AE165A9A}/throughput/7)
|  +- Download Speed :                            (/nic/{BCD5EBE1-91CB-4235-8C5F-AE07AE165A9A}/throughput/8)
|
+- 本地连接* 1 (/nic/{69E39188-2B03-4BA8-8644-5530F46CE34B})
|  +- Network Utilization :                            (/nic/{69E39188-2B03-4BA8-8644-5530F46CE34B}/load/1)
|  +- Data Uploaded  :                            (/nic/{69E39188-2B03-4BA8-8644-5530F46CE34B}/data/2)
|  +- Data Downloaded :                            (/nic/{69E39188-2B03-4BA8-8644-5530F46CE34B}/data/3)
|  +- Upload Speed   :                            (/nic/{69E39188-2B03-4BA8-8644-5530F46CE34B}/throughput/7)
|  +- Download Speed :                            (/nic/{69E39188-2B03-4BA8-8644-5530F46CE34B}/throughput/8)
|
+- 本地连接* 10 (/nic/{C2D2A4A1-69D0-4E44-8EF7-32FF9423E979})
|  +- Network Utilization :                            (/nic/{C2D2A4A1-69D0-4E44-8EF7-32FF9423E979}/load/1)
|  +- Data Uploaded  :                            (/nic/{C2D2A4A1-69D0-4E44-8EF7-32FF9423E979}/data/2)
|  +- Data Downloaded :                            (/nic/{C2D2A4A1-69D0-4E44-8EF7-32FF9423E979}/data/3)
|  +- Upload Speed   :                            (/nic/{C2D2A4A1-69D0-4E44-8EF7-32FF9423E979}/throughput/7)
|  +- Download Speed :                            (/nic/{C2D2A4A1-69D0-4E44-8EF7-32FF9423E979}/throughput/8)
|
+- 蓝牙网络连接 (/nic/{7B225B97-8427-4B17-B532-5EBFB141C49F})
|  +- Network Utilization :                            (/nic/{7B225B97-8427-4B17-B532-5EBFB141C49F}/load/1)
|  +- Data Uploaded  :                            (/nic/{7B225B97-8427-4B17-B532-5EBFB141C49F}/data/2)
|  +- Data Downloaded :                            (/nic/{7B225B97-8427-4B17-B532-5EBFB141C49F}/data/3)
|  +- Upload Speed   :                            (/nic/{7B225B97-8427-4B17-B532-5EBFB141C49F}/throughput/7)
|  +- Download Speed :                            (/nic/{7B225B97-8427-4B17-B532-5EBFB141C49F}/throughput/8)
|
+- 以太网 (/nic/{0809BEDA-7225-4D5B-AF38-DF1BACCC709D})
|  +- Network Utilization :                            (/nic/{0809BEDA-7225-4D5B-AF38-DF1BACCC709D}/load/1)
|  +- Data Uploaded  :                            (/nic/{0809BEDA-7225-4D5B-AF38-DF1BACCC709D}/data/2)
|  +- Data Downloaded :                            (/nic/{0809BEDA-7225-4D5B-AF38-DF1BACCC709D}/data/3)
|  +- Upload Speed   :                            (/nic/{0809BEDA-7225-4D5B-AF38-DF1BACCC709D}/throughput/7)
|  +- Download Speed :                            (/nic/{0809BEDA-7225-4D5B-AF38-DF1BACCC709D}/throughput/8)
|
+- 以太网 2 (/nic/{C1B3020B-7D58-4A2E-9C17-9F07AC560938})
|  +- Network Utilization :                            (/nic/{C1B3020B-7D58-4A2E-9C17-9F07AC560938}/load/1)
|  +- Data Uploaded  :                            (/nic/{C1B3020B-7D58-4A2E-9C17-9F07AC560938}/data/2)
|  +- Data Downloaded :                            (/nic/{C1B3020B-7D58-4A2E-9C17-9F07AC560938}/data/3)
|  +- Upload Speed   :                            (/nic/{C1B3020B-7D58-4A2E-9C17-9F07AC560938}/throughput/7)
|  +- Download Speed :                            (/nic/{C1B3020B-7D58-4A2E-9C17-9F07AC560938}/throughput/8)

--------------------------------------------------------------------------------

Parameters

|
+- Lenovo LNVNB161216 (/motherboard)
|
+- 11th Gen Intel Core i7-1165G7 (/intelcpu/0)
|  |
|  +- CPU Core #1 (/intelcpu/0/temperature/0)
|  |  +- TjMax [°C] : 100 : 100
|  |  +- TSlope [°C] : 1 : 1
|  |
|  +- CPU Core #2 (/intelcpu/0/temperature/1)
|  |  +- TjMax [°C] : 100 : 100
|  |  +- TSlope [°C] : 1 : 1
|  |
|  +- CPU Core #3 (/intelcpu/0/temperature/2)
|  |  +- TjMax [°C] : 100 : 100
|  |  +- TSlope [°C] : 1 : 1
|  |
|  +- CPU Core #4 (/intelcpu/0/temperature/3)
|  |  +- TjMax [°C] : 100 : 100
|  |  +- TSlope [°C] : 1 : 1
|  |
|  +- CPU Package (/intelcpu/0/temperature/4)
|  |  +- TjMax [°C] : 100 : 100
|  |  +- TSlope [°C] : 1 : 1
|
+- Generic Memory (/ram)
|
+- Intel(R) Iris(R) Xe Graphics (/gpu-intel-integrated/\\?\PCI#VEN_8086&DEV_9A49&SUBSYS_3F9217AA&REV_01#3&11583659&0&10#{1ca05180-a699-450a-9a0c-de4fbe3ddd89})
|
+- WDC PC SN730 SDBPNTY-1T00-1101 (/nvme/0)
|
+- VMware Network Adapter VMnet8 (/nic/{25ED5CCF-28FD-4D4F-8583-AAE643B55E51})
|
+- WLAN (/nic/{BCD5EBE1-91CB-4235-8C5F-AE07AE165A9A})
|
+- 本地连接* 1 (/nic/{69E39188-2B03-4BA8-8644-5530F46CE34B})
|
+- 本地连接* 10 (/nic/{C2D2A4A1-69D0-4E44-8EF7-32FF9423E979})
|
+- 蓝牙网络连接 (/nic/{7B225B97-8427-4B17-B532-5EBFB141C49F})
|
+- 以太网 (/nic/{0809BEDA-7225-4D5B-AF38-DF1BACCC709D})
|
+- 以太网 2 (/nic/{C1B3020B-7D58-4A2E-9C17-9F07AC560938})

--------------------------------------------------------------------------------

Motherboard

SMBios Version: 3.3

BIOS Vendor: LENOVO
BIOS Version: F8CN47WW(V2.10)
BIOS Date: 2022/3/27
BIOS Size: 16 MB

System Manufacturer: LENOVO
System Name: 82F8
System Version: ZhaoYang K4e-ITL
System Wakeup: PowerSwitch

Motherboard Manufacturer: LENOVO
Motherboard Name: LNVNB161216
Motherboard Version: No DPK
Motherboard Serial: MP229APE

System Enclosure Type: Notebook
System Enclosure Manufacturer: LENOVO
System Enclosure Version: ZhaoYang K4e-ITL
System Enclosure Serial: MP229APE
System Enclosure Asset Tag: NO Asset Tag
System Enclosure SKU: SKU Number
System Enclosure Boot Up State: Safe
System Enclosure Power Supply State: Safe
System Enclosure Thermal State: Safe
System Enclosure Power Cords: 1
System Enclosure Lock Detected: No
System Enclosure Security Status: None

Processor Manufacturer: Intel(R) Corporation
Processor Type: CentralProcessor
Processor Version: 11th Gen Intel(R) Core(TM) i7-1165G7 @ 2.80GHz
Processor Serial: To Be Filled By O.E.M.
Processor Socket Destignation: U3E1
Processor Socket: Other
Processor Version: 11th Gen Intel(R) Core(TM) i7-1165G7 @ 2.80GHz
Processor Family: IntelCoreI7
Processor Core Count: 4
Processor Core Enabled: 4
Processor Thread Count: 8
Processor External Clock: 100 Mhz
Processor Max Speed: 4700 Mhz
Processor Current Speed: 2800 Mhz

Cache [L1] Size: 192
Cache [L1] Associativity: 12Way

Cache [L1] Size: 128
Cache [L1] Associativity: 8Way

Cache [L2] Size: 5120
Cache [L2] Associativity: Other

Cache [L3] Size: 12288
Cache [L3] Associativity: 12Way

Memory Device [0] Manufacturer: SK Hynix
Memory Device [0] Part Number: HMA81GS6DJR8N-XN
Memory Device [0] Device Locator: Controller0-ChannelA-DIMM0
Memory Device [0] Bank Locator: BANK 0
Memory Device [0] Speed: 3200
Memory Device [0] Size: 8192 MB

Memory Device [1] Manufacturer: Samsung
Memory Device [1] Part Number: M471A1G44AB0-CWE
Memory Device [1] Device Locator: Controller1-ChannelA
Memory Device [1] Bank Locator: BANK 0
Memory Device [1] Speed: 3200
Memory Device [1] Size: 8192 MB

SMBios Table

 AAMDAK8PAAAAGgAAAQIA4AP/gJj5SwAAGgADDQIvAi8QAExFTk9WTwBGOENONDdX
 VyhWMi4xMCkAMDMvMjcvMjAyMgAAARsBAAECAwSwtohs4vfrEYEMfIrhkhERBgUG
 TEVOT1ZPADgyRjgAWmhhb1lhbmcgSzRlLUlUTABNUDIyOUFQRQBMRU5PVk9fTVRf
 ODJGOF9CVV9pZGVhX0ZNX1poYW9ZYW5nIEs0ZS1JVEwAWmhhb1lhbmcgSzRlLUlU
 TAAAAg8CAAECAwQFCQYDAAoATEVOT1ZPAExOVk5CMTYxMjE2AE5vIERQSwBNUDIy
 OUFQRQBOTyBBc3NldCBUYWcAVHlwZTIgLSBCb2FyZCBDaGFzc2lzIExvY2F0aW9u
 AAADFgMAAQoCAwQDAwMDAAAAAAABAAAFTEVOT1ZPAFpoYW9ZYW5nIEs0ZS1JVEwA
 TVAyMjlBUEUATk8gQXNzZXQgVGFnAFNLVSBOdW1iZXIAAAQwBAABA8YCwQYIAP/7
 678DiGQAXBLwCkEBBgAHAAgABAUGBAQI/ADGAAQABAAIAFUzRTEASW50ZWwoUikg
 Q29ycG9yYXRpb24AMTF0aCBHZW4gSW50ZWwoUikgQ29yZShUTSkgaTctMTE2NUc3
 IEAgMi44MEdIegBUbyBCZSBGaWxsZWQgQnkgTy5FLk0uAFRvIEJlIEZpbGxlZCBC
 eSBPLkUuTS4AVG8gQmUgRmlsbGVkIEJ5IE8uRS5NLgAABxsFAAGAAcAAwAAgACAA
 AAQECQAAAAAAAAAATDEgQ2FjaGUAAAcbBgABgAGAAIAAIAAgAAAEAwcAAAAAAAAA
 AEwxIENhY2hlAAAHGwcAAYEBABQAFCAAIAAABQUBAAAAAAAAAABMMiBDYWNoZQAA
 BxsIAAGCAQAwADAgACAAAAYFCQAAAAAAAAAATDMgQ2FjaGUAAAgJCQABAAIPDUox
 QTEAS2V5Ym9hcmQAAAgJCgABAAIPDkoxQTEATW91c2UAAAgJCwABAAINHEoyQTEA
 VFYgT1VUAAAICQwAAQACBxxKMkEyAENSVAAACAkNAAEAAggJSjJBMgBDT00gMQAA
 CAkOAAEAAhIQSjNBMQBVU0IAAAgJDwABAAISEEozQTEAVVNCAAAICRAAAQACEhBK
 M0ExAFVTQgAACAkRAAEAAhIQSjVBMQBVU0IAAAgJEgABAAISEEo1QTEAVVNCAAAI
 CRMAAQACEhBKNUEyAFVTQgAACAkUAAEAAgsfSjVBMQBOZXR3b3JrAAAICRUAARcC
 AP9KOUcyAE9uQm9hcmQgRmxvcHB5IFR5cGUAAAgJFgABFgIA/0o3SjEAT25Cb2Fy
 ZCBQcmltYXJ5IElERQAACAkXAAEAAh8dSjMwAE1pY3JvcGhvbmUgSW4AAAgJGAAB
 AAIfHUozMABMaW5lIEluAAAICRkAAQACHx1KMzAAU3BlYWtlciBPdXQAAAkTGgAB
 pggEAQEAAAMAAADgCABKNkMxAAAJExsAAaYIAwECAAADAAAA4QgASjZEMgAACRMc
 AAGmCAMBAwAAAwAAAOIIAEo3QzEAAAkTHQABpggDAQQAAAMAAADjCABKN0QxAAAJ
 Ex4AAagKAwEFAAADAAAA5AoASjhDMQAACwUfAAFNb2Rlcm4gUHJlbG9hZAAADAUg
 AANDb25maWdPcHRpb25zMQBDb25maWdPcHRpb25zMgBDb25maWdPcHRpb25zMwAA
 DRYhAAgAAAAAAAAAAAAAAAAAAAAAAWVufFVTfGlzbzg4NTktMSwwAGZyfEZSfGlz
 bzg4NTktMSwwAHpofFRXfHVuaWNvZGUsMABqYXxKUHx1bmljb2RlLDAAaXR8SVR8
 aXNvODg1OS0xLDAAZXN8RVN8aXNvODg1OS0xLDAAZGV8REV8aXNvODg1OS0xLDAA
 cHR8UFR8aXNvODg1OS0xLDAAAA4IIgAB2zwAJE1FSQAADhdEAAHdPQDdPgDdPwDd
 QADdQQDdQgBGaXJtd2FyZSBWZXJzaW9uIEluZm8AAA8dIwAAAAAAACAEAXhWNBIA
 AAAAgAMCBwAIBBYAAAAQFyQAAwMDAAAACP//AgAAAAAAAAAAAAAAEVwlACQA//9A
 AEAAACANAAECGoAAgAwDBAUGAQAAAACADAAAAACwBAMIAACArQAAAAAAAAAAAAAA
 AAAAAAAAAAIAAAAAAAAAAAAAAAAAAAAAAAAAAAAAAAAAAABDb250cm9sbGVyMC1D
 aGFubmVsQS1ESU1NMABCQU5LIDAAU0sgSHluaXgAMzVCM0U0OUMAOTg3NjU0MzIx
 MABITUE4MUdTNkRKUjhOLVhOICAgIAAAEVwmACQA//9AAEAAACALAAECGoAAgAwD
 BAUGAQAAAACADAAAAACwBAMIAACAzgAAAAAAAAAAAAAAAAAAAAAAAAIAAAAAAAAA
 AAAAAAAAAAAAAAAAAAAAAAAAAABDb250cm9sbGVyMS1DaGFubmVsQQBCQU5LIDAA
 U2Ftc3VuZwAwMDAwMDAwMAA5ODc2NTQzMjEwAE00NzFBMUc0NEFCMC1DV0UgICAg
 AAATHycAAAAAAP///wAkAAIAAAAAAAAAAAAAAAAAAAAAAAAUIygAAAAAAP//fwAl
 ACcA/wEBAAAAAAAAAAAAAAAAAAAAAAAAFCMpAAAAAAD//38AAAAnAP8BAQAAAAAA
 AAAAAAAAAAAAAAAAABUHKgAHBAQAABYaKwABAgMEBQcAAAAAAP8AAAAABgAAAAAA
 RmFrZQAtVmlydHVhbCBCYXR0ZXJ5IDAtADA4LzA4LzIwMTAAQmF0dGVyeSAwAENS
 QiBCYXR0ZXJ5IDAATGl0aGl1bVBvbHltZXIAABgFLAAAAAAaGC0AAUIAgACAAIAA
 gACAAIAAAAAAAIBWb2x0YWdlIFByb2JlIERlc2NyaXB0aW9uAAAbDy4ALwBjAAAA
 AAAAIAFDb29saW5nIERldmljZSBEZXNjcmlwdGlvbgAAHBgvAAFCAIAAgACAAIAA
 gACAAAAAAACAVGVtcGVyYXR1cmUgUHJvYmUgRGVzY3JpcHRpb24AACALMAAAAAAA
 AAAAAAAnFjEAAAECAwQFBgdLAKQh////////T0VNIERlZmluZSAwAE9FTSBEZWZp
 bmUgMQBPRU0gRGVmaW5lIDIAT0VNIERlZmluZSAzAE9FTSBEZWZpbmUgNABPRU0g
 RGVmaW5lIDUAT0VNIERlZmluZSA2AAAoETIAAgYOAAUBqgYAAAUCAFBDSUV4cHJl
 c3N4MTYAQ29tcGlsZXIgVmVyc2lvbjogVkMgOS4wAAApCzMAAQMBAAAAEElHRAAA
 Kx80AElOVEMCAAcAWAIAAAAAAQQAAAAAAAAAAAAAAFRQTSBEZXZpY2UAAIAINQBV
 qlWqT2VtIFR5cGUgMTI4IFRlc3QgMQBPZW0gVHlwZSAxMjggVGVzdCAyAACBCDYA
 AQECAUluc3lkZV9BU0ZfMDAxAEluc3lkZV9BU0ZfMDAyAACCFDcAJEFNVAEBAQEB
 pb8CwAABAAAAg0A4ADEAAAAAAAAAAAAAAPgAgqAAAAAAAQAAAAAADwCnBQoAAAAA
 AP4A//8AAAAAAP8AAOYBAAB2UHJvAAAAAAAAhQU5AAFLSE9JSEdJVUNDSEhJSQAA
 iAY6AP//AADIEDsAAQIBJwEUAVCygAEFSWRlYVBhZAA4MkY4UzBDVjAwAADbajwA
 AQQBRQIAoAYBEIAgAAAAAEAAAAAAAAAAAGBAAv//////////////////////////
 /////wMAAACAAAAAAAAAAAAAAAAAAAAAAAAAAAAEAAAAAAAAAAAAAAAAAAAAAAAA
 AAAAAAAATUVJMQBNRUkyAE1FSTMATUVJNAAA3Ro9AAMBAAoAOyAAAgAAAACaAAMA
 //////9SZWZlcmVuY2UgQ29kZSAtIENQVQB1Q29kZSBWZXJzaW9uAFRYVCBBQ00g
 dmVyc2lvbgAA3Ro+AAMBAAoAOyAAAgAAAAAAAAMEDwAKpwVSZWZlcmVuY2UgQ29k
 ZSAtIE1FAE1FQnggdmVyc2lvbgBNRSBGaXJtd2FyZSBWZXJzaW9uAENvbnN1bWVy
 IFNLVQAA3S8/AAYBAAoAOyAAAgP//////wQA////IAAFAP///yAABgACRgAAAAcA
 BAAAAABSZWZlcmVuY2UgQ29kZSAtIFBDSABQQ0gtQ1JJRCBTdGF0dXMARGlzYWJs
 ZWQAUENILUNSSUQgT3JpZ2luYWwgVmFsdWUAUENILUNSSUQgTmV3IFZhbHVlAE9Q
 Uk9NIC0gUlNUIC0gUkFJRABQQ0ggSHNpbyBWZXJzaW9uAADdUkAACwEACgA7IAAC
 AAEADAAAAwAKADsgAAQF//////8GAAAAAAEABwAAAAABAAgA//////8JABEBAQAA
 CgAAAAD2AAsAJAEAAAAMAP//////UmVmZXJlbmNlIENvZGUgLSBTQSAtIFN5c3Rl
 bSBBZ2VudABSZWZlcmVuY2UgQ29kZSAtIE1SQwBTQSAtIFBDSWUgVmVyc2lvbgBT
 QS1DUklEIFN0YXR1cwBEaXNhYmxlZABTQS1DUklEIE9yaWdpbmFsIFZhbHVlAFNB
 LUNSSUQgTmV3IFZhbHVlAE9QUk9NIC0gVkJJT1MASU8gTWFuYWdlYWJpbGl0eSBF
 bmdpbmUgRlcgVmVyc2lvbgBQSFkgQnVpbGQgVmVyc2lvbgBUaHVuZGVyYm9sdChU
 TSkgRlcgVmVyc2lvbgBTeXN0ZW0gQWdlbnQgTWFuYWdlYWJpbGl0eSBFbmdpbmUg
 RlcgVmVyc2lvbgAA3QxBAAEBAAQAAAAARlNQIEJpbmFyeSBWZXJzaW9uAADdWUIA
 DAEA//////8CAP//////AwT//////wUG//////8HCP//////CQAAAAAAAAoA////
 //8LAAIvAAAADAAAFwBFEA0A//////8OAAAHAwAADwAAAgAPAExhbiBQaHkgVmVy
 c2lvbgBTZW5zb3IgRmlybXdhcmUgVmVyc2lvbgBEZWJ1ZyBNb2RlIFN0YXR1cwBE
 aXNhYmxlZABQZXJmb3JtYW5jZSBNb2RlIFN0YXR1cwBEaXNhYmxlZABEZWJ1ZyBV
 c2UgVVNCKERpc2FibGVkOlNlcmlhbCkARGlzYWJsZWQASUNDIE92ZXJjbG9ja2lu
 ZyBWZXJzaW9uAFVOREkgVmVyc2lvbgBFQyBGVyBWZXJzaW9uAEdPUCBWZXJzaW9u
 AFJveWFsIFBhcmsgVmVyc2lvbgBQbGF0Zm9ybSBWZXJzaW9uAENsaWVudCBTaWxp
 Y29uIFZlcnNpb24AAPgSQwCsrKoXAAALAAAAAAAAAAAAfwT//gAA

--------------------------------------------------------------------------------

CPUID

Processor 0

Processor Vendor: Intel
Processor Brand: 11th Gen Intel(R) Core(TM) i7-1165G7 @ 2.80GHz
Family: 0x6
Model: 0x8C
Stepping: 0x1

CPUID Return Values

 CPU Group: 0
 CPU Thread: 0
 APIC ID: 0
 Processor ID: 0
 Core ID: 0
 Thread ID: 0

 Function  EAX       EBX       ECX       EDX
 00000000  0000001B  756E6547  6C65746E  49656E69
 00000001  000806C1  00100800  FFFAF38F  BFEBFBFF
 00000002  00FEFF01  000000F0  00000000  00000000
 00000003  00000000  00000000  00000000  00000000
 00000004  1C004121  02C0003F  0000003F  00000000
 00000005  00000040  00000040  00000003  00021020
 00000006  00178FF3  00000002  00000009  00000000
 00000007  00000001  F3BFA7A9  18405FC6  BC100510
 00000008  00000000  00000000  00000000  00000000
 00000009  00000000  00000000  00000000  00000000
 0000000A  08300805  00000000  0000000F  00008604
 0000000B  00000001  00000002  00000100  00000000
 0000000C  00000000  00000000  00000000  00000000
 0000000D  000000E7  00000A80  00000A80  00000000
 0000000E  00000000  00000000  00000000  00000000
 0000000F  00000000  00000000  00000000  00000000
 00000010  00000000  00000000  00000000  00000000
 00000011  00000000  00000000  00000000  00000000
 00000012  00000000  00000000  00000000  00000000
 00000013  00000000  00000000  00000000  00000000
 00000014  00000001  0000004F  00000007  00000000
 00000015  00000002  00000092  0249F000  00000000
 00000016  00000000  00000000  00000000  00000000
 00000017  00000000  00000000  00000000  00000000
 00000018  00000000  00000000  00000000  00000000
 00000019  00000000  00000000  00000000  00000000
 0000001A  00000000  00000000  00000000  00000000
 0000001B  00000000  00000000  00000000  00000000
 80000000  80000008  00000000  00000000  00000000
 80000001  00000000  00000000  00000121  2C100800
 80000002  68743131  6E654720  746E4920  52286C65
 80000003  6F432029  54286572  6920294D  31312D37
 80000004  37473536  32204020  4730382E  00007A48
 80000005  00000000  00000000  00000000  00000000
 80000006  00000000  00000000  01007040  00000000
 80000007  00000000  00000000  00000000  00000100
 80000008  00003027  00000000  00000000  00000000

 CPU Group: 0
 CPU Thread: 1
 APIC ID: 1
 Processor ID: 0
 Core ID: 0
 Thread ID: 1

 Function  EAX       EBX       ECX       EDX
 00000000  0000001B  756E6547  6C65746E  49656E69
 00000001  000806C1  01100800  FFFAF38F  BFEBFBFF
 00000002  00FEFF01  000000F0  00000000  00000000
 00000003  00000000  00000000  00000000  00000000
 00000004  1C004121  02C0003F  0000003F  00000000
 00000005  00000040  00000040  00000003  00021020
 00000006  00178FF3  00000002  00000009  00000000
 00000007  00000001  F3BFA7A9  18405FC6  BC100510
 00000008  00000000  00000000  00000000  00000000
 00000009  00000000  00000000  00000000  00000000
 0000000A  08300805  00000000  0000000F  00008604
 0000000B  00000001  00000002  00000100  00000001
 0000000C  00000000  00000000  00000000  00000000
 0000000D  000000E7  00000A80  00000A80  00000000
 0000000E  00000000  00000000  00000000  00000000
 0000000F  00000000  00000000  00000000  00000000
 00000010  00000000  00000000  00000000  00000000
 00000011  00000000  00000000  00000000  00000000
 00000012  00000000  00000000  00000000  00000000
 00000013  00000000  00000000  00000000  00000000
 00000014  00000001  0000004F  00000007  00000000
 00000015  00000002  00000092  0249F000  00000000
 00000016  00000000  00000000  00000000  00000000
 00000017  00000000  00000000  00000000  00000000
 00000018  00000000  00000000  00000000  00000000
 00000019  00000000  00000000  00000000  00000000
 0000001A  00000000  00000000  00000000  00000000
 0000001B  00000000  00000000  00000000  00000000
 80000000  80000008  00000000  00000000  00000000
 80000001  00000000  00000000  00000121  2C100800
 80000002  68743131  6E654720  746E4920  52286C65
 80000003  6F432029  54286572  6920294D  31312D37
 80000004  37473536  32204020  4730382E  00007A48
 80000005  00000000  00000000  00000000  00000000
 80000006  00000000  00000000  01007040  00000000
 80000007  00000000  00000000  00000000  00000100
 80000008  00003027  00000000  00000000  00000000

 CPU Group: 0
 CPU Thread: 2
 APIC ID: 2
 Processor ID: 0
 Core ID: 1
 Thread ID: 0

 Function  EAX       EBX       ECX       EDX
 00000000  0000001B  756E6547  6C65746E  49656E69
 00000001  000806C1  02100800  FFFAF38F  BFEBFBFF
 00000002  00FEFF01  000000F0  00000000  00000000
 00000003  00000000  00000000  00000000  00000000
 00000004  1C004121  02C0003F  0000003F  00000000
 00000005  00000040  00000040  00000003  00021020
 00000006  00178FF3  00000002  00000009  00000000
 00000007  00000001  F3BFA7A9  18405FC6  BC100510
 00000008  00000000  00000000  00000000  00000000
 00000009  00000000  00000000  00000000  00000000
 0000000A  08300805  00000000  0000000F  00008604
 0000000B  00000001  00000002  00000100  00000002
 0000000C  00000000  00000000  00000000  00000000
 0000000D  000000E7  00000A80  00000A80  00000000
 0000000E  00000000  00000000  00000000  00000000
 0000000F  00000000  00000000  00000000  00000000
 00000010  00000000  00000000  00000000  00000000
 00000011  00000000  00000000  00000000  00000000
 00000012  00000000  00000000  00000000  00000000
 00000013  00000000  00000000  00000000  00000000
 00000014  00000001  0000004F  00000007  00000000
 00000015  00000002  00000092  0249F000  00000000
 00000016  00000000  00000000  00000000  00000000
 00000017  00000000  00000000  00000000  00000000
 00000018  00000000  00000000  00000000  00000000
 00000019  00000000  00000000  00000000  00000000
 0000001A  00000000  00000000  00000000  00000000
 0000001B  00000000  00000000  00000000  00000000
 80000000  80000008  00000000  00000000  00000000
 80000001  00000000  00000000  00000121  2C100800
 80000002  68743131  6E654720  746E4920  52286C65
 80000003  6F432029  54286572  6920294D  31312D37
 80000004  37473536  32204020  4730382E  00007A48
 80000005  00000000  00000000  00000000  00000000
 80000006  00000000  00000000  01007040  00000000
 80000007  00000000  00000000  00000000  00000100
 80000008  00003027  00000000  00000000  00000000

 CPU Group: 0
 CPU Thread: 3
 APIC ID: 3
 Processor ID: 0
 Core ID: 1
 Thread ID: 1

 Function  EAX       EBX       ECX       EDX
 00000000  0000001B  756E6547  6C65746E  49656E69
 00000001  000806C1  03100800  FFFAF38F  BFEBFBFF
 00000002  00FEFF01  000000F0  00000000  00000000
 00000003  00000000  00000000  00000000  00000000
 00000004  1C004121  02C0003F  0000003F  00000000
 00000005  00000040  00000040  00000003  00021020
 00000006  00178FF3  00000002  00000009  00000000
 00000007  00000001  F3BFA7A9  18405FC6  BC100510
 00000008  00000000  00000000  00000000  00000000
 00000009  00000000  00000000  00000000  00000000
 0000000A  08300805  00000000  0000000F  00008604
 0000000B  00000001  00000002  00000100  00000003
 0000000C  00000000  00000000  00000000  00000000
 0000000D  000000E7  00000A80  00000A80  00000000
 0000000E  00000000  00000000  00000000  00000000
 0000000F  00000000  00000000  00000000  00000000
 00000010  00000000  00000000  00000000  00000000
 00000011  00000000  00000000  00000000  00000000
 00000012  00000000  00000000  00000000  00000000
 00000013  00000000  00000000  00000000  00000000
 00000014  00000001  0000004F  00000007  00000000
 00000015  00000002  00000092  0249F000  00000000
 00000016  00000000  00000000  00000000  00000000
 00000017  00000000  00000000  00000000  00000000
 00000018  00000000  00000000  00000000  00000000
 00000019  00000000  00000000  00000000  00000000
 0000001A  00000000  00000000  00000000  00000000
 0000001B  00000000  00000000  00000000  00000000
 80000000  80000008  00000000  00000000  00000000
 80000001  00000000  00000000  00000121  2C100800
 80000002  68743131  6E654720  746E4920  52286C65
 80000003  6F432029  54286572  6920294D  31312D37
 80000004  37473536  32204020  4730382E  00007A48
 80000005  00000000  00000000  00000000  00000000
 80000006  00000000  00000000  01007040  00000000
 80000007  00000000  00000000  00000000  00000100
 80000008  00003027  00000000  00000000  00000000

 CPU Group: 0
 CPU Thread: 4
 APIC ID: 4
 Processor ID: 0
 Core ID: 2
 Thread ID: 0

 Function  EAX       EBX       ECX       EDX
 00000000  0000001B  756E6547  6C65746E  49656E69
 00000001  000806C1  04100800  FFFAF38F  BFEBFBFF
 00000002  00FEFF01  000000F0  00000000  00000000
 00000003  00000000  00000000  00000000  00000000
 00000004  1C004121  02C0003F  0000003F  00000000
 00000005  00000040  00000040  00000003  00021020
 00000006  00178FF3  00000002  00000009  00000000
 00000007  00000001  F3BFA7A9  18405FC6  BC100510
 00000008  00000000  00000000  00000000  00000000
 00000009  00000000  00000000  00000000  00000000
 0000000A  08300805  00000000  0000000F  00008604
 0000000B  00000001  00000002  00000100  00000004
 0000000C  00000000  00000000  00000000  00000000
 0000000D  000000E7  00000A80  00000A80  00000000
 0000000E  00000000  00000000  00000000  00000000
 0000000F  00000000  00000000  00000000  00000000
 00000010  00000000  00000000  00000000  00000000
 00000011  00000000  00000000  00000000  00000000
 00000012  00000000  00000000  00000000  00000000
 00000013  00000000  00000000  00000000  00000000
 00000014  00000001  0000004F  00000007  00000000
 00000015  00000002  00000092  0249F000  00000000
 00000016  00000000  00000000  00000000  00000000
 00000017  00000000  00000000  00000000  00000000
 00000018  00000000  00000000  00000000  00000000
 00000019  00000000  00000000  00000000  00000000
 0000001A  00000000  00000000  00000000  00000000
 0000001B  00000000  00000000  00000000  00000000
 80000000  80000008  00000000  00000000  00000000
 80000001  00000000  00000000  00000121  2C100800
 80000002  68743131  6E654720  746E4920  52286C65
 80000003  6F432029  54286572  6920294D  31312D37
 80000004  37473536  32204020  4730382E  00007A48
 80000005  00000000  00000000  00000000  00000000
 80000006  00000000  00000000  01007040  00000000
 80000007  00000000  00000000  00000000  00000100
 80000008  00003027  00000000  00000000  00000000

 CPU Group: 0
 CPU Thread: 5
 APIC ID: 5
 Processor ID: 0
 Core ID: 2
 Thread ID: 1

 Function  EAX       EBX       ECX       EDX
 00000000  0000001B  756E6547  6C65746E  49656E69
 00000001  000806C1  05100800  FFFAF38F  BFEBFBFF
 00000002  00FEFF01  000000F0  00000000  00000000
 00000003  00000000  00000000  00000000  00000000
 00000004  1C004121  02C0003F  0000003F  00000000
 00000005  00000040  00000040  00000003  00021020
 00000006  00178FF3  00000002  00000009  00000000
 00000007  00000001  F3BFA7A9  18405FC6  BC100510
 00000008  00000000  00000000  00000000  00000000
 00000009  00000000  00000000  00000000  00000000
 0000000A  08300805  00000000  0000000F  00008604
 0000000B  00000001  00000002  00000100  00000005
 0000000C  00000000  00000000  00000000  00000000
 0000000D  000000E7  00000A80  00000A80  00000000
 0000000E  00000000  00000000  00000000  00000000
 0000000F  00000000  00000000  00000000  00000000
 00000010  00000000  00000000  00000000  00000000
 00000011  00000000  00000000  00000000  00000000
 00000012  00000000  00000000  00000000  00000000
 00000013  00000000  00000000  00000000  00000000
 00000014  00000001  0000004F  00000007  00000000
 00000015  00000002  00000092  0249F000  00000000
 00000016  00000000  00000000  00000000  00000000
 00000017  00000000  00000000  00000000  00000000
 00000018  00000000  00000000  00000000  00000000
 00000019  00000000  00000000  00000000  00000000
 0000001A  00000000  00000000  00000000  00000000
 0000001B  00000000  00000000  00000000  00000000
 80000000  80000008  00000000  00000000  00000000
 80000001  00000000  00000000  00000121  2C100800
 80000002  68743131  6E654720  746E4920  52286C65
 80000003  6F432029  54286572  6920294D  31312D37
 80000004  37473536  32204020  4730382E  00007A48
 80000005  00000000  00000000  00000000  00000000
 80000006  00000000  00000000  01007040  00000000
 80000007  00000000  00000000  00000000  00000100
 80000008  00003027  00000000  00000000  00000000

 CPU Group: 0
 CPU Thread: 6
 APIC ID: 6
 Processor ID: 0
 Core ID: 3
 Thread ID: 0

 Function  EAX       EBX       ECX       EDX
 00000000  0000001B  756E6547  6C65746E  49656E69
 00000001  000806C1  06100800  FFFAF38F  BFEBFBFF
 00000002  00FEFF01  000000F0  00000000  00000000
 00000003  00000000  00000000  00000000  00000000
 00000004  1C004121  02C0003F  0000003F  00000000
 00000005  00000040  00000040  00000003  00021020
 00000006  00178FF3  00000002  00000009  00000000
 00000007  00000001  F3BFA7A9  18405FC6  BC100510
 00000008  00000000  00000000  00000000  00000000
 00000009  00000000  00000000  00000000  00000000
 0000000A  08300805  00000000  0000000F  00008604
 0000000B  00000001  00000002  00000100  00000006
 0000000C  00000000  00000000  00000000  00000000
 0000000D  000000E7  00000A80  00000A80  00000000
 0000000E  00000000  00000000  00000000  00000000
 0000000F  00000000  00000000  00000000  00000000
 00000010  00000000  00000000  00000000  00000000
 00000011  00000000  00000000  00000000  00000000
 00000012  00000000  00000000  00000000  00000000
 00000013  00000000  00000000  00000000  00000000
 00000014  00000001  0000004F  00000007  00000000
 00000015  00000002  00000092  0249F000  00000000
 00000016  00000000  00000000  00000000  00000000
 00000017  00000000  00000000  00000000  00000000
 00000018  00000000  00000000  00000000  00000000
 00000019  00000000  00000000  00000000  00000000
 0000001A  00000000  00000000  00000000  00000000
 0000001B  00000000  00000000  00000000  00000000
 80000000  80000008  00000000  00000000  00000000
 80000001  00000000  00000000  00000121  2C100800
 80000002  68743131  6E654720  746E4920  52286C65
 80000003  6F432029  54286572  6920294D  31312D37
 80000004  37473536  32204020  4730382E  00007A48
 80000005  00000000  00000000  00000000  00000000
 80000006  00000000  00000000  01007040  00000000
 80000007  00000000  00000000  00000000  00000100
 80000008  00003027  00000000  00000000  00000000

 CPU Group: 0
 CPU Thread: 7
 APIC ID: 7
 Processor ID: 0
 Core ID: 3
 Thread ID: 1

 Function  EAX       EBX       ECX       EDX
 00000000  0000001B  756E6547  6C65746E  49656E69
 00000001  000806C1  07100800  FFFAF38F  BFEBFBFF
 00000002  00FEFF01  000000F0  00000000  00000000
 00000003  00000000  00000000  00000000  00000000
 00000004  1C004121  02C0003F  0000003F  00000000
 00000005  00000040  00000040  00000003  00021020
 00000006  00178FF3  00000002  00000009  00000000
 00000007  00000001  F3BFA7A9  18405FC6  BC100510
 00000008  00000000  00000000  00000000  00000000
 00000009  00000000  00000000  00000000  00000000
 0000000A  08300805  00000000  0000000F  00008604
 0000000B  00000001  00000002  00000100  00000007
 0000000C  00000000  00000000  00000000  00000000
 0000000D  000000E7  00000A80  00000A80  00000000
 0000000E  00000000  00000000  00000000  00000000
 0000000F  00000000  00000000  00000000  00000000
 00000010  00000000  00000000  00000000  00000000
 00000011  00000000  00000000  00000000  00000000
 00000012  00000000  00000000  00000000  00000000
 00000013  00000000  00000000  00000000  00000000
 00000014  00000001  0000004F  00000007  00000000
 00000015  00000002  00000092  0249F000  00000000
 00000016  00000000  00000000  00000000  00000000
 00000017  00000000  00000000  00000000  00000000
 00000018  00000000  00000000  00000000  00000000
 00000019  00000000  00000000  00000000  00000000
 0000001A  00000000  00000000  00000000  00000000
 0000001B  00000000  00000000  00000000  00000000
 80000000  80000008  00000000  00000000  00000000
 80000001  00000000  00000000  00000121  2C100800
 80000002  68743131  6E654720  746E4920  52286C65
 80000003  6F432029  54286572  6920294D  31312D37
 80000004  37473536  32204020  4730382E  00007A48
 80000005  00000000  00000000  00000000  00000000
 80000006  00000000  00000000  01007040  00000000
 80000007  00000000  00000000  00000000  00000100
 80000008  00003027  00000000  00000000  00000000

--------------------------------------------------------------------------------

Intel CPU

Name: 11th Gen Intel Core i7-1165G7
Number of Cores: 4
Threads per Core: 2
Timer Frequency: 10 MHz
Time Stamp Counter: Invariant
Estimated Time Stamp Counter Frequency: 2803.47 MHz
Estimated Time Stamp Counter Frequency Error: 0.41491 Mhz
Time Stamp Counter Frequency: 2803.47 MHz

MSR Core #1

 MSR       EDX       EAX
 000000CE  0004043D  F0811C00
 00000198  00001C8F  00002300
 0000019C  00000000  88110E82
 000001A2  00000000  86640022
 000001B1  00000000  880F0E82
 00000606  00000000  000A0E03
 00000611  00000000  1BC25F7F
 00000619  00000000  00000000
 00000639  00000000  0F371584
 00000641  00000000  0066B64E

MSR Core #2

 MSR       EDX       EAX
 000000CE  0004043D  F0811C00
 00000198  00001E7A  00002600
 0000019C  00000000  88140E82
 000001A2  00000000  86640022
 000001B1  00000000  880F0E82
 00000606  00000000  000A0E03
 00000611  00000000  1BC25F7F
 00000619  00000000  00000000
 00000639  00000000  0F371584
 00000641  00000000  0066B64E

MSR Core #3

 MSR       EDX       EAX
 000000CE  0004043D  F0811C00
 00000198  00001E8F  00002600
 0000019C  00000000  880F0E82
 000001A2  00000000  86640022
 000001B1  00000000  880F0E82
 00000606  00000000  000A0E03
 00000611  00000000  1BC25F7F
 00000619  00000000  00000000
 00000639  00000000  0F371584
 00000641  00000000  0066B64E

MSR Core #4

 MSR       EDX       EAX
 000000CE  0004043D  F0811C00
 00000198  00001E8F  00002600
 0000019C  00000000  88130E82
 000001A2  00000000  86640022
 000001B1  00000000  880D0E82
 00000606  00000000  000A0E03
 00000611  00000000  1BC25F7F
 00000619  00000000  00000000
 00000639  00000000  0F371584
 00000641  00000000  0066B64E

MicroArchitecture: TigerLake
Time Stamp Counter Multiplier: 28

--------------------------------------------------------------------------------

AMD Display Library

Status: ADL_ERR

--------------------------------------------------------------------------------

Intel GPU (D3D)

Number of adapters: 3

AdapterIndex: 0
DeviceId: \\?\ROOT#BasicRender#0000#{1ca05180-a699-450a-9a0c-de4fbe3ddd89}
IsIntel: False

AdapterIndex: 1
DeviceId: \\?\PCI#VEN_10DE&DEV_1F97&SUBSYS_3F9217AA&REV_A1#4&15ec8471&0&00E0#{1ca05180-a699-450a-9a0c-de4fbe3ddd89}
IsIntel: False

AdapterIndex: 2
DeviceId: \\?\PCI#VEN_8086&DEV_9A49&SUBSYS_3F9217AA&REV_01#3&11583659&0&10#{1ca05180-a699-450a-9a0c-de4fbe3ddd89}
IsIntel: True
GpuSharedLimit: 8476323840
GpuSharedUsed: 0
GpuSharedMax: 0
GpuDedicatedLimit: 0
GpuDedicatedUsed: 0
GpuDedicatedMax: 0
Integrated: True

--------------------------------------------------------------------------------

FTD2XX

Status: missing DLL

--------------------------------------------------------------------------------

AquaComputer Hardware

No AquaComputer Hardware found.

--------------------------------------------------------------------------------

AeroCool Hardware

No AeroCool Hardware found.

--------------------------------------------------------------------------------

Nzxt Hardware

No Nzxt Hardware found.

--------------------------------------------------------------------------------

Storage

Drive Name: WDC PC SN730 SDBPNTY-1T00-1101
Firmware Version: 11170001

PCI Vendor ID: 0x15b7
IEEE OUI Identifier: 0x001b44
Total NVM Capacity: 1024209543168
Unallocated NVM Capacity: 0
Controller ID: 8215
Number of Namespaces: 1
Critical Warning: -
Temperature: 60 Celsius
Available Spare: 100%
Available Spare Threshold: 10%
Percentage Used: 1%
Data Units Read: 61949843
Data Units Written: 45221199
Host Read Commands: 1146676023
Host Write Commands: 651137811
Controller Busy Time: 2064
Power Cycles: 165
Power On Hours: 6038
Unsafe Shutdowns: 30
Media Errors: 0
Number of Error Information Log Entries: 1
Warning Composite Temperature Time: 0
Critical Composite Temperature Time: 0
Logical Drive Name: C:\
Format: NTFS
Total Size: 1022623821824
Total Free Space: 272030482432

--------------------------------------------------------------------------------

VMware Virtual Ethernet Adapter for VMnet8
Up

Data Uploaded


Data Downloaded


Upload Speed


Download Speed


Network Utilization


Intel(R) Wi-Fi 6 AX201 160MHz
Down

Data Uploaded


Data Downloaded


Upload Speed


Download Speed


Network Utilization


Microsoft Wi-Fi Direct Virtual Adapter
Down

Data Uploaded


Data Downloaded


Upload Speed


Download Speed


Network Utilization


Microsoft Wi-Fi Direct Virtual Adapter #2
Down

Data Uploaded


Data Downloaded


Upload Speed


Download Speed


Network Utilization


Bluetooth Device (Personal Area Network)
Down

Data Uploaded


Data Downloaded


Upload Speed


Download Speed


Network Utilization


Realtek PCIe GbE Family Controller
Up

Data Uploaded


Data Downloaded


Upload Speed


Download Speed


Network Utilization


Sangfor SSL VPN CS Support System VNIC
Down

Data Uploaded


Data Downloaded


Upload Speed


Download Speed


Network Utilization


--------------------------------------------------------------------------------

Corsair HXi/RMi series PSU Hardware


LibreHardwareMonitor Report

--------------------------------------------------------------------------------

Version: 0.9.1.0

--------------------------------------------------------------------------------

Common Language Runtime: 4.0.30319.42000
Operating System: Microsoft Windows NT 6.2.9200.0
Process Type: 32-Bit

--------------------------------------------------------------------------------

Sensors

|
+- Lenovo LNVNB161216 (/motherboard)
|
+- 11th Gen Intel Core i7-1165G7 (/intelcpu/0)
|  +- CPU Core       :  1.01489 0.894898  1.01489 (/intelcpu/0/voltage/0)
|  +- CPU Core #1    :  1.01489 0.892456  1.01489 (/intelcpu/0/voltage/1)
|  +- CPU Core #2    :  1.01245 0.892456  1.01245 (/intelcpu/0/voltage/2)
|  +- CPU Core #3    :  1.01489 0.894898  1.01489 (/intelcpu/0/voltage/3)
|  +- CPU Core #4    :  1.01489 0.894898  1.01489 (/intelcpu/0/voltage/4)
|  +- CPU Package    :  28.1916  28.1916  33.5613 (/intelcpu/0/power/0)
|  +- CPU Cores      :  22.6474  22.6474   28.404 (/intelcpu/0/power/1)
|  +- CPU Memory     :        0        0        0 (/intelcpu/0/power/3)
|  +- Bus Speed      :  100.114  100.114  100.125 (/intelcpu/0/clock/0)
|  +- CPU Core #1    :  4104.69  3604.49  4104.69 (/intelcpu/0/clock/1)
|  +- CPU Core #2    :  4104.69  4004.99  4104.69 (/intelcpu/0/clock/2)
|  +- CPU Core #3    :  4104.69  4104.69  4105.12 (/intelcpu/0/clock/3)
|  +- CPU Core #4    :  4104.69  3504.37  4104.69 (/intelcpu/0/clock/4)
|  +- CPU Core #1    :       82       82       82 (/intelcpu/0/temperature/0)
|  +- CPU Core #2    :       77       77       80 (/intelcpu/0/temperature/1)
|  +- CPU Core #3    :       79       79       84 (/intelcpu/0/temperature/2)
|  +- CPU Core #4    :       83       81       83 (/intelcpu/0/temperature/3)
|  +- CPU Package    :       83       83       83 (/intelcpu/0/temperature/4)
|  +- CPU Core #1 Distance to TjMax :       18       18       18 (/intelcpu/0/temperature/5)
|  +- CPU Core #2 Distance to TjMax :       23       20       23 (/intelcpu/0/temperature/6)
|  +- CPU Core #3 Distance to TjMax :       21       16       21 (/intelcpu/0/temperature/7)
|  +- CPU Core #4 Distance to TjMax :       17       17       19 (/intelcpu/0/temperature/8)
|  +- Core Max       :       83       83       84 (/intelcpu/0/temperature/9)
|  +- Core Average   :    80.25    80.25    81.75 (/intelcpu/0/temperature/10)
|  +- CPU Total      :   26.128     12.5   26.128 (/intelcpu/0/load/0)
|  +- CPU Core #1 Thread #1 :  74.5455  74.5455      100 (/intelcpu/0/load/1)
|  +- CPU Core #1 Thread #2 :  18.1818        0  18.1818 (/intelcpu/0/load/2)
|  +- CPU Core #2 Thread #1 :  20.3704        0  20.3704 (/intelcpu/0/load/3)
|  +- CPU Core #2 Thread #2 :       20        0       20 (/intelcpu/0/load/4)
|  +- CPU Core #3 Thread #1 :  18.5185        0  18.5185 (/intelcpu/0/load/5)
|  +- CPU Core #3 Thread #2 :  18.5185        0  18.5185 (/intelcpu/0/load/6)
|  +- CPU Core #4 Thread #1 :  18.5185        0  18.5185 (/intelcpu/0/load/7)
|  +- CPU Core #4 Thread #2 :  20.3704        0  20.3704 (/intelcpu/0/load/8)
|
+- Generic Memory (/ram)
|  +- Memory         :  91.8182  91.8182  91.8182 (/ram/load/0)
|  +- Virtual Memory :   55.906   55.906   55.906 (/ram/load/1)
|  +- Memory Used    :  14.4966  14.4966  14.4966 (/ram/data/0)
|  +- Memory Available :  1.29178  1.29178  1.29178 (/ram/data/1)
|  +- Virtual Memory Used :  17.4921  17.4921  17.4921 (/ram/data/2)
|  +- Virtual Memory Available :  13.7963  13.7963  13.7963 (/ram/data/3)
|
+- Intel(R) Iris(R) Xe Graphics (/gpu-intel-integrated/\\?\PCI#VEN_8086&DEV_9A49&SUBSYS_3F9217AA&REV_01#3&11583659&0&10#{1ca05180-a699-450a-9a0c-de4fbe3ddd89})
|  +- GPU Power      :  446.463  446.463  446.463 (/gpu-intel-integrated/\\?\PCI#VEN_8086&DEV_9A49&SUBSYS_3F9217AA&REV_01#3&11583659&0&10#{1ca05180-a699-450a-9a0c-de4fbe3ddd89}/power/0)
|  +- D3D 3D         : 5.17222E+06 5.17222E+06 5.17222E+06 (/gpu-intel-integrated/\\?\PCI#VEN_8086&DEV_9A49&SUBSYS_3F9217AA&REV_01#3&11583659&0&10#{1ca05180-a699-450a-9a0c-de4fbe3ddd89}/load/0)
|  +- D3D Shared Memory Used :        0        0        0 (/gpu-intel-integrated/\\?\PCI#VEN_8086&DEV_9A49&SUBSYS_3F9217AA&REV_01#3&11583659&0&10#{1ca05180-a699-450a-9a0c-de4fbe3ddd89}/smalldata/0)
|
+- WDC PC SN730 SDBPNTY-1T00-1101 (/nvme/0)
|  +- Temperature    :       61        0       61 (/nvme/0/temperature/0)
|  +- Used Space     :  73.3999  73.3999  73.3999 (/nvme/0/load/0)
|  +- Write Activity : 2.96356E-07 2.96356E-07 2.96356E-07 (/nvme/0/load/32)
|  +- Total Activity :  99.9999  99.9999  99.9999 (/nvme/0/load/33)
|  +- Available Spare :      100        0      100 (/nvme/0/level/1)
|  +- Available Spare Threshold :       10        0       10 (/nvme/0/level/2)
|  +- Percentage Used :        1        0        1 (/nvme/0/level/3)
|  +- Data Read      :    31718        0    31718 (/nvme/0/data/4)
|  +- Data Written   :    23153        0    23153 (/nvme/0/data/5)
|  +- Read Rate      : 4.49637E+06 4.49637E+06 4.49637E+06 (/nvme/0/throughput/34)
|  +- Write Rate     : 1.62755E+06 1.62755E+06 1.62755E+06 (/nvme/0/throughput/35)
|
+- VMware Network Adapter VMnet8 (/nic/{25ED5CCF-28FD-4D4F-8583-AAE643B55E51})
|  +- Network Utilization :        0        0        0 (/nic/{25ED5CCF-28FD-4D4F-8583-AAE643B55E51}/load/1)
|  +- Data Uploaded  : 7.9535E-07 7.9535E-07 7.9535E-07 (/nic/{25ED5CCF-28FD-4D4F-8583-AAE643B55E51}/data/2)
|  +- Data Downloaded :        0        0        0 (/nic/{25ED5CCF-28FD-4D4F-8583-AAE643B55E51}/data/3)
|  +- Upload Speed   :        0        0        0 (/nic/{25ED5CCF-28FD-4D4F-8583-AAE643B55E51}/throughput/7)
|  +- Download Speed :        0        0        0 (/nic/{25ED5CCF-28FD-4D4F-8583-AAE643B55E51}/throughput/8)
|
+- WLAN (/nic/{BCD5EBE1-91CB-4235-8C5F-AE07AE165A9A})
|  +- Network Utilization :        0        0        0 (/nic/{BCD5EBE1-91CB-4235-8C5F-AE07AE165A9A}/load/1)
|  +- Data Uploaded  :        0        0        0 (/nic/{BCD5EBE1-91CB-4235-8C5F-AE07AE165A9A}/data/2)
|  +- Data Downloaded :        0        0        0 (/nic/{BCD5EBE1-91CB-4235-8C5F-AE07AE165A9A}/data/3)
|  +- Upload Speed   :        0        0        0 (/nic/{BCD5EBE1-91CB-4235-8C5F-AE07AE165A9A}/throughput/7)
|  +- Download Speed :        0        0        0 (/nic/{BCD5EBE1-91CB-4235-8C5F-AE07AE165A9A}/throughput/8)
|
+- 本地连接* 1 (/nic/{69E39188-2B03-4BA8-8644-5530F46CE34B})
|  +- Network Utilization :        0        0        0 (/nic/{69E39188-2B03-4BA8-8644-5530F46CE34B}/load/1)
|  +- Data Uploaded  :        0        0        0 (/nic/{69E39188-2B03-4BA8-8644-5530F46CE34B}/data/2)
|  +- Data Downloaded :        0        0        0 (/nic/{69E39188-2B03-4BA8-8644-5530F46CE34B}/data/3)
|  +- Upload Speed   :        0        0        0 (/nic/{69E39188-2B03-4BA8-8644-5530F46CE34B}/throughput/7)
|  +- Download Speed :        0        0        0 (/nic/{69E39188-2B03-4BA8-8644-5530F46CE34B}/throughput/8)
|
+- 本地连接* 10 (/nic/{C2D2A4A1-69D0-4E44-8EF7-32FF9423E979})
|  +- Network Utilization :        0        0        0 (/nic/{C2D2A4A1-69D0-4E44-8EF7-32FF9423E979}/load/1)
|  +- Data Uploaded  :        0        0        0 (/nic/{C2D2A4A1-69D0-4E44-8EF7-32FF9423E979}/data/2)
|  +- Data Downloaded :        0        0        0 (/nic/{C2D2A4A1-69D0-4E44-8EF7-32FF9423E979}/data/3)
|  +- Upload Speed   :        0        0        0 (/nic/{C2D2A4A1-69D0-4E44-8EF7-32FF9423E979}/throughput/7)
|  +- Download Speed :        0        0        0 (/nic/{C2D2A4A1-69D0-4E44-8EF7-32FF9423E979}/throughput/8)
|
+- 蓝牙网络连接 (/nic/{7B225B97-8427-4B17-B532-5EBFB141C49F})
|  +- Network Utilization :        0        0        0 (/nic/{7B225B97-8427-4B17-B532-5EBFB141C49F}/load/1)
|  +- Data Uploaded  :        0        0        0 (/nic/{7B225B97-8427-4B17-B532-5EBFB141C49F}/data/2)
|  +- Data Downloaded :        0        0        0 (/nic/{7B225B97-8427-4B17-B532-5EBFB141C49F}/data/3)
|  +- Upload Speed   :        0        0        0 (/nic/{7B225B97-8427-4B17-B532-5EBFB141C49F}/throughput/7)
|  +- Download Speed :        0        0        0 (/nic/{7B225B97-8427-4B17-B532-5EBFB141C49F}/throughput/8)
|
+- 以太网 (/nic/{0809BEDA-7225-4D5B-AF38-DF1BACCC709D})
|  +- Network Utilization : 0.0163701 0.0163701 0.0163701 (/nic/{0809BEDA-7225-4D5B-AF38-DF1BACCC709D}/load/1)
|  +- Data Uploaded  : 0.0761263 0.0761263 0.0761263 (/nic/{0809BEDA-7225-4D5B-AF38-DF1BACCC709D}/data/2)
|  +- Data Downloaded :  2.17875  2.17875  2.17875 (/nic/{0809BEDA-7225-4D5B-AF38-DF1BACCC709D}/data/3)
|  +- Upload Speed   :  11931.5  11931.5  11931.5 (/nic/{0809BEDA-7225-4D5B-AF38-DF1BACCC709D}/throughput/7)
|  +- Download Speed :  8531.17  8531.17  8531.17 (/nic/{0809BEDA-7225-4D5B-AF38-DF1BACCC709D}/throughput/8)
|
+- 以太网 2 (/nic/{C1B3020B-7D58-4A2E-9C17-9F07AC560938})
|  +- Network Utilization :        0        0        0 (/nic/{C1B3020B-7D58-4A2E-9C17-9F07AC560938}/load/1)
|  +- Data Uploaded  :        0        0        0 (/nic/{C1B3020B-7D58-4A2E-9C17-9F07AC560938}/data/2)
|  +- Data Downloaded :        0        0        0 (/nic/{C1B3020B-7D58-4A2E-9C17-9F07AC560938}/data/3)
|  +- Upload Speed   :        0        0        0 (/nic/{C1B3020B-7D58-4A2E-9C17-9F07AC560938}/throughput/7)
|  +- Download Speed :        0        0        0 (/nic/{C1B3020B-7D58-4A2E-9C17-9F07AC560938}/throughput/8)

--------------------------------------------------------------------------------

Parameters

|
+- Lenovo LNVNB161216 (/motherboard)
|
+- 11th Gen Intel Core i7-1165G7 (/intelcpu/0)
|  |
|  +- CPU Core #1 (/intelcpu/0/temperature/0)
|  |  +- TjMax [°C] : 100 : 100
|  |  +- TSlope [°C] : 1 : 1
|  |
|  +- CPU Core #2 (/intelcpu/0/temperature/1)
|  |  +- TjMax [°C] : 100 : 100
|  |  +- TSlope [°C] : 1 : 1
|  |
|  +- CPU Core #3 (/intelcpu/0/temperature/2)
|  |  +- TjMax [°C] : 100 : 100
|  |  +- TSlope [°C] : 1 : 1
|  |
|  +- CPU Core #4 (/intelcpu/0/temperature/3)
|  |  +- TjMax [°C] : 100 : 100
|  |  +- TSlope [°C] : 1 : 1
|  |
|  +- CPU Package (/intelcpu/0/temperature/4)
|  |  +- TjMax [°C] : 100 : 100
|  |  +- TSlope [°C] : 1 : 1
|
+- Generic Memory (/ram)
|
+- Intel(R) Iris(R) Xe Graphics (/gpu-intel-integrated/\\?\PCI#VEN_8086&DEV_9A49&SUBSYS_3F9217AA&REV_01#3&11583659&0&10#{1ca05180-a699-450a-9a0c-de4fbe3ddd89})
|
+- WDC PC SN730 SDBPNTY-1T00-1101 (/nvme/0)
|
+- VMware Network Adapter VMnet8 (/nic/{25ED5CCF-28FD-4D4F-8583-AAE643B55E51})
|
+- WLAN (/nic/{BCD5EBE1-91CB-4235-8C5F-AE07AE165A9A})
|
+- 本地连接* 1 (/nic/{69E39188-2B03-4BA8-8644-5530F46CE34B})
|
+- 本地连接* 10 (/nic/{C2D2A4A1-69D0-4E44-8EF7-32FF9423E979})
|
+- 蓝牙网络连接 (/nic/{7B225B97-8427-4B17-B532-5EBFB141C49F})
|
+- 以太网 (/nic/{0809BEDA-7225-4D5B-AF38-DF1BACCC709D})
|
+- 以太网 2 (/nic/{C1B3020B-7D58-4A2E-9C17-9F07AC560938})

--------------------------------------------------------------------------------

Motherboard

SMBios Version: 3.3

BIOS Vendor: LENOVO
BIOS Version: F8CN47WW(V2.10)
BIOS Date: 2022/3/27
BIOS Size: 16 MB

System Manufacturer: LENOVO
System Name: 82F8
System Version: ZhaoYang K4e-ITL
System Wakeup: PowerSwitch

Motherboard Manufacturer: LENOVO
Motherboard Name: LNVNB161216
Motherboard Version: No DPK
Motherboard Serial: MP229APE

System Enclosure Type: Notebook
System Enclosure Manufacturer: LENOVO
System Enclosure Version: ZhaoYang K4e-ITL
System Enclosure Serial: MP229APE
System Enclosure Asset Tag: NO Asset Tag
System Enclosure SKU: SKU Number
System Enclosure Boot Up State: Safe
System Enclosure Power Supply State: Safe
System Enclosure Thermal State: Safe
System Enclosure Power Cords: 1
System Enclosure Lock Detected: No
System Enclosure Security Status: None

Processor Manufacturer: Intel(R) Corporation
Processor Type: CentralProcessor
Processor Version: 11th Gen Intel(R) Core(TM) i7-1165G7 @ 2.80GHz
Processor Serial: To Be Filled By O.E.M.
Processor Socket Destignation: U3E1
Processor Socket: Other
Processor Version: 11th Gen Intel(R) Core(TM) i7-1165G7 @ 2.80GHz
Processor Family: IntelCoreI7
Processor Core Count: 4
Processor Core Enabled: 4
Processor Thread Count: 8
Processor External Clock: 100 Mhz
Processor Max Speed: 4700 Mhz
Processor Current Speed: 2800 Mhz

Cache [L1] Size: 192
Cache [L1] Associativity: 12Way

Cache [L1] Size: 128
Cache [L1] Associativity: 8Way

Cache [L2] Size: 5120
Cache [L2] Associativity: Other

Cache [L3] Size: 12288
Cache [L3] Associativity: 12Way

Memory Device [0] Manufacturer: SK Hynix
Memory Device [0] Part Number: HMA81GS6DJR8N-XN
Memory Device [0] Device Locator: Controller0-ChannelA-DIMM0
Memory Device [0] Bank Locator: BANK 0
Memory Device [0] Speed: 3200
Memory Device [0] Size: 8192 MB

Memory Device [1] Manufacturer: Samsung
Memory Device [1] Part Number: M471A1G44AB0-CWE
Memory Device [1] Device Locator: Controller1-ChannelA
Memory Device [1] Bank Locator: BANK 0
Memory Device [1] Speed: 3200
Memory Device [1] Size: 8192 MB

SMBios Table

 AAMDAK8PAAAAGgAAAQIA4AP/gJj5SwAAGgADDQIvAi8QAExFTk9WTwBGOENONDdX
 VyhWMi4xMCkAMDMvMjcvMjAyMgAAARsBAAECAwSwtohs4vfrEYEMfIrhkhERBgUG
 TEVOT1ZPADgyRjgAWmhhb1lhbmcgSzRlLUlUTABNUDIyOUFQRQBMRU5PVk9fTVRf
 ODJGOF9CVV9pZGVhX0ZNX1poYW9ZYW5nIEs0ZS1JVEwAWmhhb1lhbmcgSzRlLUlU
 TAAAAg8CAAECAwQFCQYDAAoATEVOT1ZPAExOVk5CMTYxMjE2AE5vIERQSwBNUDIy
 OUFQRQBOTyBBc3NldCBUYWcAVHlwZTIgLSBCb2FyZCBDaGFzc2lzIExvY2F0aW9u
 AAADFgMAAQoCAwQDAwMDAAAAAAABAAAFTEVOT1ZPAFpoYW9ZYW5nIEs0ZS1JVEwA
 TVAyMjlBUEUATk8gQXNzZXQgVGFnAFNLVSBOdW1iZXIAAAQwBAABA8YCwQYIAP/7
 678DiGQAXBLwCkEBBgAHAAgABAUGBAQI/ADGAAQABAAIAFUzRTEASW50ZWwoUikg
 Q29ycG9yYXRpb24AMTF0aCBHZW4gSW50ZWwoUikgQ29yZShUTSkgaTctMTE2NUc3
 IEAgMi44MEdIegBUbyBCZSBGaWxsZWQgQnkgTy5FLk0uAFRvIEJlIEZpbGxlZCBC
 eSBPLkUuTS4AVG8gQmUgRmlsbGVkIEJ5IE8uRS5NLgAABxsFAAGAAcAAwAAgACAA
 AAQECQAAAAAAAAAATDEgQ2FjaGUAAAcbBgABgAGAAIAAIAAgAAAEAwcAAAAAAAAA
 AEwxIENhY2hlAAAHGwcAAYEBABQAFCAAIAAABQUBAAAAAAAAAABMMiBDYWNoZQAA
 BxsIAAGCAQAwADAgACAAAAYFCQAAAAAAAAAATDMgQ2FjaGUAAAgJCQABAAIPDUox
 QTEAS2V5Ym9hcmQAAAgJCgABAAIPDkoxQTEATW91c2UAAAgJCwABAAINHEoyQTEA
 VFYgT1VUAAAICQwAAQACBxxKMkEyAENSVAAACAkNAAEAAggJSjJBMgBDT00gMQAA
 CAkOAAEAAhIQSjNBMQBVU0IAAAgJDwABAAISEEozQTEAVVNCAAAICRAAAQACEhBK
 M0ExAFVTQgAACAkRAAEAAhIQSjVBMQBVU0IAAAgJEgABAAISEEo1QTEAVVNCAAAI
 CRMAAQACEhBKNUEyAFVTQgAACAkUAAEAAgsfSjVBMQBOZXR3b3JrAAAICRUAARcC
 AP9KOUcyAE9uQm9hcmQgRmxvcHB5IFR5cGUAAAgJFgABFgIA/0o3SjEAT25Cb2Fy
 ZCBQcmltYXJ5IElERQAACAkXAAEAAh8dSjMwAE1pY3JvcGhvbmUgSW4AAAgJGAAB
 AAIfHUozMABMaW5lIEluAAAICRkAAQACHx1KMzAAU3BlYWtlciBPdXQAAAkTGgAB
 pggEAQEAAAMAAADgCABKNkMxAAAJExsAAaYIAwECAAADAAAA4QgASjZEMgAACRMc
 AAGmCAMBAwAAAwAAAOIIAEo3QzEAAAkTHQABpggDAQQAAAMAAADjCABKN0QxAAAJ
 Ex4AAagKAwEFAAADAAAA5AoASjhDMQAACwUfAAFNb2Rlcm4gUHJlbG9hZAAADAUg
 AANDb25maWdPcHRpb25zMQBDb25maWdPcHRpb25zMgBDb25maWdPcHRpb25zMwAA
 DRYhAAgAAAAAAAAAAAAAAAAAAAAAAWVufFVTfGlzbzg4NTktMSwwAGZyfEZSfGlz
 bzg4NTktMSwwAHpofFRXfHVuaWNvZGUsMABqYXxKUHx1bmljb2RlLDAAaXR8SVR8
 aXNvODg1OS0xLDAAZXN8RVN8aXNvODg1OS0xLDAAZGV8REV8aXNvODg1OS0xLDAA
 cHR8UFR8aXNvODg1OS0xLDAAAA4IIgAB2zwAJE1FSQAADhdEAAHdPQDdPgDdPwDd
 QADdQQDdQgBGaXJtd2FyZSBWZXJzaW9uIEluZm8AAA8dIwAAAAAAACAEAXhWNBIA
 AAAAgAMCBwAIBBYAAAAQFyQAAwMDAAAACP//AgAAAAAAAAAAAAAAEVwlACQA//9A
 AEAAACANAAECGoAAgAwDBAUGAQAAAACADAAAAACwBAMIAACArQAAAAAAAAAAAAAA
 AAAAAAAAAAIAAAAAAAAAAAAAAAAAAAAAAAAAAAAAAAAAAABDb250cm9sbGVyMC1D
 aGFubmVsQS1ESU1NMABCQU5LIDAAU0sgSHluaXgAMzVCM0U0OUMAOTg3NjU0MzIx
 MABITUE4MUdTNkRKUjhOLVhOICAgIAAAEVwmACQA//9AAEAAACALAAECGoAAgAwD
 BAUGAQAAAACADAAAAACwBAMIAACAzgAAAAAAAAAAAAAAAAAAAAAAAAIAAAAAAAAA
 AAAAAAAAAAAAAAAAAAAAAAAAAABDb250cm9sbGVyMS1DaGFubmVsQQBCQU5LIDAA
 U2Ftc3VuZwAwMDAwMDAwMAA5ODc2NTQzMjEwAE00NzFBMUc0NEFCMC1DV0UgICAg
 AAATHycAAAAAAP///wAkAAIAAAAAAAAAAAAAAAAAAAAAAAAUIygAAAAAAP//fwAl
 ACcA/wEBAAAAAAAAAAAAAAAAAAAAAAAAFCMpAAAAAAD//38AAAAnAP8BAQAAAAAA
 AAAAAAAAAAAAAAAAABUHKgAHBAQAABYaKwABAgMEBQcAAAAAAP8AAAAABgAAAAAA
 RmFrZQAtVmlydHVhbCBCYXR0ZXJ5IDAtADA4LzA4LzIwMTAAQmF0dGVyeSAwAENS
 QiBCYXR0ZXJ5IDAATGl0aGl1bVBvbHltZXIAABgFLAAAAAAaGC0AAUIAgACAAIAA
 gACAAIAAAAAAAIBWb2x0YWdlIFByb2JlIERlc2NyaXB0aW9uAAAbDy4ALwBjAAAA
 AAAAIAFDb29saW5nIERldmljZSBEZXNjcmlwdGlvbgAAHBgvAAFCAIAAgACAAIAA
 gACAAAAAAACAVGVtcGVyYXR1cmUgUHJvYmUgRGVzY3JpcHRpb24AACALMAAAAAAA
 AAAAAAAnFjEAAAECAwQFBgdLAKQh////////T0VNIERlZmluZSAwAE9FTSBEZWZp
 bmUgMQBPRU0gRGVmaW5lIDIAT0VNIERlZmluZSAzAE9FTSBEZWZpbmUgNABPRU0g
 RGVmaW5lIDUAT0VNIERlZmluZSA2AAAoETIAAgYOAAUBqgYAAAUCAFBDSUV4cHJl
 c3N4MTYAQ29tcGlsZXIgVmVyc2lvbjogVkMgOS4wAAApCzMAAQMBAAAAEElHRAAA
 Kx80AElOVEMCAAcAWAIAAAAAAQQAAAAAAAAAAAAAAFRQTSBEZXZpY2UAAIAINQBV
 qlWqT2VtIFR5cGUgMTI4IFRlc3QgMQBPZW0gVHlwZSAxMjggVGVzdCAyAACBCDYA
 AQECAUluc3lkZV9BU0ZfMDAxAEluc3lkZV9BU0ZfMDAyAACCFDcAJEFNVAEBAQEB
 pb8CwAABAAAAg0A4ADEAAAAAAAAAAAAAAPgAgqAAAAAAAQAAAAAADwCnBQoAAAAA
 AP4A//8AAAAAAP8AAOYBAAB2UHJvAAAAAAAAhQU5AAFLSE9JSEdJVUNDSEhJSQAA
 iAY6AP//AADIEDsAAQIBJwEUAVCygAEFSWRlYVBhZAA4MkY4UzBDVjAwAADbajwA
 AQQBRQIAoAYBEIAgAAAAAEAAAAAAAAAAAGBAAv//////////////////////////
 /////wMAAACAAAAAAAAAAAAAAAAAAAAAAAAAAAAEAAAAAAAAAAAAAAAAAAAAAAAA
 AAAAAAAATUVJMQBNRUkyAE1FSTMATUVJNAAA3Ro9AAMBAAoAOyAAAgAAAACaAAMA
 //////9SZWZlcmVuY2UgQ29kZSAtIENQVQB1Q29kZSBWZXJzaW9uAFRYVCBBQ00g
 dmVyc2lvbgAA3Ro+AAMBAAoAOyAAAgAAAAAAAAMEDwAKpwVSZWZlcmVuY2UgQ29k
 ZSAtIE1FAE1FQnggdmVyc2lvbgBNRSBGaXJtd2FyZSBWZXJzaW9uAENvbnN1bWVy
 IFNLVQAA3S8/AAYBAAoAOyAAAgP//////wQA////IAAFAP///yAABgACRgAAAAcA
 BAAAAABSZWZlcmVuY2UgQ29kZSAtIFBDSABQQ0gtQ1JJRCBTdGF0dXMARGlzYWJs
 ZWQAUENILUNSSUQgT3JpZ2luYWwgVmFsdWUAUENILUNSSUQgTmV3IFZhbHVlAE9Q
 Uk9NIC0gUlNUIC0gUkFJRABQQ0ggSHNpbyBWZXJzaW9uAADdUkAACwEACgA7IAAC
 AAEADAAAAwAKADsgAAQF//////8GAAAAAAEABwAAAAABAAgA//////8JABEBAQAA
 CgAAAAD2AAsAJAEAAAAMAP//////UmVmZXJlbmNlIENvZGUgLSBTQSAtIFN5c3Rl
 bSBBZ2VudABSZWZlcmVuY2UgQ29kZSAtIE1SQwBTQSAtIFBDSWUgVmVyc2lvbgBT
 QS1DUklEIFN0YXR1cwBEaXNhYmxlZABTQS1DUklEIE9yaWdpbmFsIFZhbHVlAFNB
 LUNSSUQgTmV3IFZhbHVlAE9QUk9NIC0gVkJJT1MASU8gTWFuYWdlYWJpbGl0eSBF
 bmdpbmUgRlcgVmVyc2lvbgBQSFkgQnVpbGQgVmVyc2lvbgBUaHVuZGVyYm9sdChU
 TSkgRlcgVmVyc2lvbgBTeXN0ZW0gQWdlbnQgTWFuYWdlYWJpbGl0eSBFbmdpbmUg
 RlcgVmVyc2lvbgAA3QxBAAEBAAQAAAAARlNQIEJpbmFyeSBWZXJzaW9uAADdWUIA
 DAEA//////8CAP//////AwT//////wUG//////8HCP//////CQAAAAAAAAoA////
 //8LAAIvAAAADAAAFwBFEA0A//////8OAAAHAwAADwAAAgAPAExhbiBQaHkgVmVy
 c2lvbgBTZW5zb3IgRmlybXdhcmUgVmVyc2lvbgBEZWJ1ZyBNb2RlIFN0YXR1cwBE
 aXNhYmxlZABQZXJmb3JtYW5jZSBNb2RlIFN0YXR1cwBEaXNhYmxlZABEZWJ1ZyBV
 c2UgVVNCKERpc2FibGVkOlNlcmlhbCkARGlzYWJsZWQASUNDIE92ZXJjbG9ja2lu
 ZyBWZXJzaW9uAFVOREkgVmVyc2lvbgBFQyBGVyBWZXJzaW9uAEdPUCBWZXJzaW9u
 AFJveWFsIFBhcmsgVmVyc2lvbgBQbGF0Zm9ybSBWZXJzaW9uAENsaWVudCBTaWxp
 Y29uIFZlcnNpb24AAPgSQwCsrKoXAAALAAAAAAAAAAAAfwT//gAA

--------------------------------------------------------------------------------

CPUID

Processor 0

Processor Vendor: Intel
Processor Brand: 11th Gen Intel(R) Core(TM) i7-1165G7 @ 2.80GHz
Family: 0x6
Model: 0x8C
Stepping: 0x1

CPUID Return Values

 CPU Group: 0
 CPU Thread: 0
 APIC ID: 0
 Processor ID: 0
 Core ID: 0
 Thread ID: 0

 Function  EAX       EBX       ECX       EDX
 00000000  0000001B  756E6547  6C65746E  49656E69
 00000001  000806C1  00100800  FFFAF38F  BFEBFBFF
 00000002  00FEFF01  000000F0  00000000  00000000
 00000003  00000000  00000000  00000000  00000000
 00000004  1C004121  02C0003F  0000003F  00000000
 00000005  00000040  00000040  00000003  00021020
 00000006  00178FF3  00000002  00000009  00000000
 00000007  00000001  F3BFA7A9  18405FC6  BC100510
 00000008  00000000  00000000  00000000  00000000
 00000009  00000000  00000000  00000000  00000000
 0000000A  08300805  00000000  0000000F  00008604
 0000000B  00000001  00000002  00000100  00000000
 0000000C  00000000  00000000  00000000  00000000
 0000000D  000000E7  00000A80  00000A80  00000000
 0000000E  00000000  00000000  00000000  00000000
 0000000F  00000000  00000000  00000000  00000000
 00000010  00000000  00000000  00000000  00000000
 00000011  00000000  00000000  00000000  00000000
 00000012  00000000  00000000  00000000  00000000
 00000013  00000000  00000000  00000000  00000000
 00000014  00000001  0000004F  00000007  00000000
 00000015  00000002  00000092  0249F000  00000000
 00000016  00000000  00000000  00000000  00000000
 00000017  00000000  00000000  00000000  00000000
 00000018  00000000  00000000  00000000  00000000
 00000019  00000000  00000000  00000000  00000000
 0000001A  00000000  00000000  00000000  00000000
 0000001B  00000000  00000000  00000000  00000000
 80000000  80000008  00000000  00000000  00000000
 80000001  00000000  00000000  00000121  2C100800
 80000002  68743131  6E654720  746E4920  52286C65
 80000003  6F432029  54286572  6920294D  31312D37
 80000004  37473536  32204020  4730382E  00007A48
 80000005  00000000  00000000  00000000  00000000
 80000006  00000000  00000000  01007040  00000000
 80000007  00000000  00000000  00000000  00000100
 80000008  00003027  00000000  00000000  00000000

 CPU Group: 0
 CPU Thread: 1
 APIC ID: 1
 Processor ID: 0
 Core ID: 0
 Thread ID: 1

 Function  EAX       EBX       ECX       EDX
 00000000  0000001B  756E6547  6C65746E  49656E69
 00000001  000806C1  01100800  FFFAF38F  BFEBFBFF
 00000002  00FEFF01  000000F0  00000000  00000000
 00000003  00000000  00000000  00000000  00000000
 00000004  1C004121  02C0003F  0000003F  00000000
 00000005  00000040  00000040  00000003  00021020
 00000006  00178FF3  00000002  00000009  00000000
 00000007  00000001  F3BFA7A9  18405FC6  BC100510
 00000008  00000000  00000000  00000000  00000000
 00000009  00000000  00000000  00000000  00000000
 0000000A  08300805  00000000  0000000F  00008604
 0000000B  00000001  00000002  00000100  00000001
 0000000C  00000000  00000000  00000000  00000000
 0000000D  000000E7  00000A80  00000A80  00000000
